[2026-09-15T10:27:42.611+0000] {local_task_job_runner.py:120} INFO - ::group::Pre task execution logs
[2026-09-15T10:27:42.639+0000] {taskinstance.py:2076} INFO - Dependencies all met for dep_context=non-requeueable deps ti=<TaskInstance: daily_report.sql_task_1 manual__2026-09-15T10:27:39.744474+00:00 [queued]>
[2026-09-15T10:27:42.648+0000] {taskinstance.py:2076} INFO - Dependencies all met for dep_context=requeueable deps ti=<TaskInstance: daily_report.sql_task_1 manual__2026-09-15T10:27:39.744474+00:00 [queued]>
[2026-09-15T10:27:42.649+0000] {taskinstance.py:2306} INFO - Starting attempt 1 of 1
[2026-09-15T10:27:42.663+0000] {taskinstance.py:2330} INFO - Executing <Task(SQLExecuteQueryOperator): sql_task_1> on 2026-09-15 10:27:39.744474+00:00
[2026-09-15T10:27:42.671+0000] {warnings.py:112} WARNING - /home/***/.local/lib/python3.12/site-packages/***/task/task_runner/standard_task_runner.py:61: DeprecationWarning: This process (pid=323) is multi-threaded, use of fork() may lead to deadlocks in the child.
  pid = os.fork()

[2026-09-15T10:27:42.672+0000] {standard_task_runner.py:90} INFO - Running: ['***', 'tasks', 'run', 'daily_report', 'sql_task_1', 'manual__2026-09-15T10:27:39.744474+00:00', '--job-id', '19', '--raw', '--subdir', 'DAGS_FOLDER/daily_report.py', '--cfg-path', '/tmp/tmpizv9718h']
[2026-09-15T10:27:42.673+0000] {standard_task_runner.py:63} INFO - Started process 324 to run task
[2026-09-15T10:27:42.674+0000] {standard_task_runner.py:91} INFO - Job 19: Subtask sql_task_1
[2026-09-15T10:27:42.723+0000] {task_command.py:426} INFO - Running <TaskInstance: daily_report.sql_task_1 manual__2026-09-15T10:27:39.744474+00:00 [running]> on host 0940c83ac72f
[2026-09-15T10:27:42.808+0000] {taskinstance.py:2648} INFO - Exporting env vars: AIRFLOW_CTX_DAG_OWNER='***' AIRFLOW_CTX_DAG_ID='daily_report' AIRFLOW_CTX_TASK_ID='sql_task_1' AIRFLOW_CTX_EXECUTION_DATE='2026-09-15T10:27:39.744474+00:00' AIRFLOW_CTX_TRY_NUMBER='1' AIRFLOW_CTX_DAG_RUN_ID='manual__2026-09-15T10:27:39.744474+00:00'
[2026-09-15T10:27:42.810+0000] {taskinstance.py:430} INFO - ::endgroup::
[2026-09-15T10:27:42.821+0000] {sql.py:276} INFO - Executing: DROP TABLE IF EXISTS daily_sales
[2026-09-15T10:27:42.832+0000] {base.py:84} INFO - Using connection ID 'transform' for task execution.
[2026-09-15T10:27:42.842+0000] {base.py:84} INFO - Using connection ID 'transform' for task execution.
[2026-09-15T10:27:42.847+0000] {sql.py:487} INFO - Running statement: DROP TABLE IF EXISTS daily_sales, parameters: None
[2026-09-15T10:27:42.849+0000] {taskinstance.py:441} INFO - ::group::Post task execution logs
[2026-09-15T10:27:42.858+0000] {taskinstance.py:1206} INFO - Marking task as SUCCESS. dag_id=daily_report, task_id=sql_task_1, run_id=manual__2026-09-15T10:27:39.744474+00:00, execution_date=20260915T102739, start_date=20260915T102742, end_date=20260915T102742
[2026-09-15T10:27:42.889+0000] {local_task_job_runner.py:240} INFO - Task exited with return code 0
[2026-09-15T10:27:42.911+0000] {taskinstance.py:3503} INFO - 1 downstream tasks scheduled from follow-on schedule check
[2026-09-15T10:27:42.916+0000] {local_task_job_runner.py:222} INFO - ::endgroup::
