[2026-09-15T10:43:12.324+0000] {local_task_job_runner.py:120} INFO - ::group::Pre task execution logs
[2026-09-15T10:43:12.343+0000] {taskinstance.py:2076} INFO - Dependencies all met for dep_context=non-requeueable deps ti=<TaskInstance: daily_report.sql_task_2 manual__2026-09-15T10:43:07.495876+00:00 [queued]>
[2026-09-15T10:43:12.348+0000] {taskinstance.py:2076} INFO - Dependencies all met for dep_context=requeueable deps ti=<TaskInstance: daily_report.sql_task_2 manual__2026-09-15T10:43:07.495876+00:00 [queued]>
[2026-09-15T10:43:12.349+0000] {taskinstance.py:2306} INFO - Starting attempt 1 of 1
[2026-09-15T10:43:12.360+0000] {taskinstance.py:2330} INFO - Executing <Task(SQLExecuteQueryOperator): sql_task_2> on 2026-09-15 10:43:07.495876+00:00
[2026-09-15T10:43:12.367+0000] {warnings.py:112} WARNING - /home/***/.local/lib/python3.12/site-packages/***/task/task_runner/standard_task_runner.py:61: DeprecationWarning: This process (pid=552) is multi-threaded, use of fork() may lead to deadlocks in the child.
  pid = os.fork()

[2026-09-15T10:43:12.368+0000] {standard_task_runner.py:63} INFO - Started process 553 to run task
[2026-09-15T10:43:12.369+0000] {standard_task_runner.py:90} INFO - Running: ['***', 'tasks', 'run', 'daily_report', 'sql_task_2', 'manual__2026-09-15T10:43:07.495876+00:00', '--job-id', '32', '--raw', '--subdir', 'DAGS_FOLDER/daily_report.py', '--cfg-path', '/tmp/tmpnsozbaix']
[2026-09-15T10:43:12.370+0000] {standard_task_runner.py:91} INFO - Job 32: Subtask sql_task_2
[2026-09-15T10:43:12.403+0000] {task_command.py:426} INFO - Running <TaskInstance: daily_report.sql_task_2 manual__2026-09-15T10:43:07.495876+00:00 [running]> on host 0940c83ac72f
[2026-09-15T10:43:12.475+0000] {taskinstance.py:2648} INFO - Exporting env vars: AIRFLOW_CTX_DAG_OWNER='***' AIRFLOW_CTX_DAG_ID='daily_report' AIRFLOW_CTX_TASK_ID='sql_task_2' AIRFLOW_CTX_EXECUTION_DATE='2026-09-15T10:43:07.495876+00:00' AIRFLOW_CTX_TRY_NUMBER='1' AIRFLOW_CTX_DAG_RUN_ID='manual__2026-09-15T10:43:07.495876+00:00'
[2026-09-15T10:43:12.476+0000] {taskinstance.py:430} INFO - ::endgroup::
[2026-09-15T10:43:12.485+0000] {sql.py:276} INFO - Executing: CREATE TABLE daily_sales AS
SELECT DATE(order_date) AS day, SUM(amount) AS total
FROM orders
GROUP BY DATE(order_date)
[2026-09-15T10:43:12.495+0000] {base.py:84} INFO - Using connection ID 'transform' for task execution.
[2026-09-15T10:43:12.502+0000] {base.py:84} INFO - Using connection ID 'transform' for task execution.
[2026-09-15T10:43:12.506+0000] {sql.py:487} INFO - Running statement: CREATE TABLE daily_sales AS
SELECT DATE(order_date) AS day, SUM(amount) AS total
FROM orders
GROUP BY DATE(order_date), parameters: None
[2026-09-15T10:43:12.512+0000] {sql.py:496} INFO - Rows affected: 2
[2026-09-15T10:43:12.515+0000] {taskinstance.py:441} INFO - ::group::Post task execution logs
[2026-09-15T10:43:12.522+0000] {taskinstance.py:1206} INFO - Marking task as SUCCESS. dag_id=daily_report, task_id=sql_task_2, run_id=manual__2026-09-15T10:43:07.495876+00:00, execution_date=20260915T104307, start_date=20260915T104312, end_date=20260915T104312
[2026-09-15T10:43:12.543+0000] {local_task_job_runner.py:240} INFO - Task exited with return code 0
[2026-09-15T10:43:12.558+0000] {taskinstance.py:3503} INFO - 0 downstream tasks scheduled from follow-on schedule check
[2026-09-15T10:43:12.561+0000] {local_task_job_runner.py:222} INFO - ::endgroup::
