[2026-09-15T11:13:32.998+0000] {local_task_job_runner.py:120} INFO - ::group::Pre task execution logs
[2026-09-15T11:13:33.023+0000] {taskinstance.py:2076} INFO - Dependencies all met for dep_context=non-requeueable deps ti=<TaskInstance: daily_report.sql_task_2 manual__2026-09-15T11:13:29.276662+00:00 [queued]>
[2026-09-15T11:13:33.031+0000] {taskinstance.py:2076} INFO - Dependencies all met for dep_context=requeueable deps ti=<TaskInstance: daily_report.sql_task_2 manual__2026-09-15T11:13:29.276662+00:00 [queued]>
[2026-09-15T11:13:33.031+0000] {taskinstance.py:2306} INFO - Starting attempt 1 of 1
[2026-09-15T11:13:33.044+0000] {taskinstance.py:2330} INFO - Executing <Task(SQLExecuteQueryOperator): sql_task_2> on 2026-09-15 11:13:29.276662+00:00
[2026-09-15T11:13:33.053+0000] {warnings.py:112} WARNING - /home/***/.local/lib/python3.12/site-packages/***/task/task_runner/standard_task_runner.py:61: DeprecationWarning: This process (pid=959) is multi-threaded, use of fork() may lead to deadlocks in the child.
  pid = os.fork()

[2026-09-15T11:13:33.055+0000] {standard_task_runner.py:63} INFO - Started process 960 to run task
[2026-09-15T11:13:33.055+0000] {standard_task_runner.py:90} INFO - Running: ['***', 'tasks', 'run', 'daily_report', 'sql_task_2', 'manual__2026-09-15T11:13:29.276662+00:00', '--job-id', '36', '--raw', '--subdir', 'DAGS_FOLDER/daily_report.py', '--cfg-path', '/tmp/tmp7gn8z2mv']
[2026-09-15T11:13:33.057+0000] {standard_task_runner.py:91} INFO - Job 36: Subtask sql_task_2
[2026-09-15T11:13:33.099+0000] {task_command.py:426} INFO - Running <TaskInstance: daily_report.sql_task_2 manual__2026-09-15T11:13:29.276662+00:00 [running]> on host 0940c83ac72f
[2026-09-15T11:13:33.182+0000] {taskinstance.py:2648} INFO - Exporting env vars: AIRFLOW_CTX_DAG_OWNER='***' AIRFLOW_CTX_DAG_ID='daily_report' AIRFLOW_CTX_TASK_ID='sql_task_2' AIRFLOW_CTX_EXECUTION_DATE='2026-09-15T11:13:29.276662+00:00' AIRFLOW_CTX_TRY_NUMBER='1' AIRFLOW_CTX_DAG_RUN_ID='manual__2026-09-15T11:13:29.276662+00:00'
[2026-09-15T11:13:33.184+0000] {taskinstance.py:430} INFO - ::endgroup::
[2026-09-15T11:13:33.194+0000] {sql.py:276} INFO - Executing: CREATE TABLE daily_sales AS
SELECT DATE(order_date) AS day, SUM(amount) AS total
FROM orders
GROUP BY DATE(order_date)
[2026-09-15T11:13:33.204+0000] {base.py:84} INFO - Using connection ID 'transform' for task execution.
[2026-09-15T11:13:33.215+0000] {base.py:84} INFO - Using connection ID 'transform' for task execution.
[2026-09-15T11:13:33.221+0000] {sql.py:487} INFO - Running statement: CREATE TABLE daily_sales AS
SELECT DATE(order_date) AS day, SUM(amount) AS total
FROM orders
GROUP BY DATE(order_date), parameters: None
[2026-09-15T11:13:33.228+0000] {sql.py:496} INFO - Rows affected: 2
[2026-09-15T11:13:33.232+0000] {taskinstance.py:441} INFO - ::group::Post task execution logs
[2026-09-15T11:13:33.240+0000] {taskinstance.py:1206} INFO - Marking task as SUCCESS. dag_id=daily_report, task_id=sql_task_2, run_id=manual__2026-09-15T11:13:29.276662+00:00, execution_date=20260915T111329, start_date=20260915T111333, end_date=20260915T111333
[2026-09-15T11:13:33.270+0000] {local_task_job_runner.py:240} INFO - Task exited with return code 0
[2026-09-15T11:13:33.288+0000] {taskinstance.py:3503} INFO - 0 downstream tasks scheduled from follow-on schedule check
[2026-09-15T11:13:33.291+0000] {local_task_job_runner.py:222} INFO - ::endgroup::
