[2026-09-15T10:11:33.028+0000] {local_task_job_runner.py:120} INFO - ::group::Pre task execution logs
[2026-09-15T10:11:33.048+0000] {taskinstance.py:2076} INFO - Dependencies all met for dep_context=non-requeueable deps ti=<TaskInstance: daily_report.sql_task_1 manual__2026-09-15T10:11:30.122926+00:00 [queued]>
[2026-09-15T10:11:33.054+0000] {taskinstance.py:2076} INFO - Dependencies all met for dep_context=requeueable deps ti=<TaskInstance: daily_report.sql_task_1 manual__2026-09-15T10:11:30.122926+00:00 [queued]>
[2026-09-15T10:11:33.055+0000] {taskinstance.py:2306} INFO - Starting attempt 1 of 1
[2026-09-15T10:11:33.067+0000] {taskinstance.py:2330} INFO - Executing <Task(SQLExecuteQueryOperator): sql_task_1> on 2026-09-15 10:11:30.122926+00:00
[2026-09-15T10:11:33.074+0000] {warnings.py:112} WARNING - /home/***/.local/lib/python3.12/site-packages/***/task/task_runner/standard_task_runner.py:61: DeprecationWarning: This process (pid=75) is multi-threaded, use of fork() may lead to deadlocks in the child.
  pid = os.fork()

[2026-09-15T10:11:33.075+0000] {standard_task_runner.py:63} INFO - Started process 76 to run task
[2026-09-15T10:11:33.075+0000] {standard_task_runner.py:90} INFO - Running: ['***', 'tasks', 'run', 'daily_report', 'sql_task_1', 'manual__2026-09-15T10:11:30.122926+00:00', '--job-id', '4', '--raw', '--subdir', 'DAGS_FOLDER/daily_report.py', '--cfg-path', '/tmp/tmpp_qavd6u']
[2026-09-15T10:11:33.076+0000] {standard_task_runner.py:91} INFO - Job 4: Subtask sql_task_1
[2026-09-15T10:11:33.114+0000] {task_command.py:426} INFO - Running <TaskInstance: daily_report.sql_task_1 manual__2026-09-15T10:11:30.122926+00:00 [running]> on host 0940c83ac72f
[2026-09-15T10:11:33.194+0000] {taskinstance.py:2648} INFO - Exporting env vars: AIRFLOW_CTX_DAG_OWNER='***' AIRFLOW_CTX_DAG_ID='daily_report' AIRFLOW_CTX_TASK_ID='sql_task_1' AIRFLOW_CTX_EXECUTION_DATE='2026-09-15T10:11:30.122926+00:00' AIRFLOW_CTX_TRY_NUMBER='1' AIRFLOW_CTX_DAG_RUN_ID='manual__2026-09-15T10:11:30.122926+00:00'
[2026-09-15T10:11:33.195+0000] {taskinstance.py:430} INFO - ::endgroup::
[2026-09-15T10:11:33.206+0000] {sql.py:276} INFO - Executing: DROP TABLE IF EXISTS daily_sales
[2026-09-15T10:11:33.217+0000] {taskinstance.py:441} INFO - ::group::Post task execution logs
[2026-09-15T10:11:33.226+0000] {taskinstance.py:2905} ERROR - Task failed with exception
Traceback (most recent call last):
  File "/home/airflow/.local/lib/python3.12/site-packages/airflow/models/taskinstance.py", line 465, in _execute_task
    result = _execute_callable(context=context, **execute_callable_kwargs)
             ^^^^^^^^^^^^^^^^^^^^^^^^^^^^^^^^^^^^^^^^^^^^^^^^^^^^^^^^^^^^^
  File "/home/airflow/.local/lib/python3.12/site-packages/airflow/models/taskinstance.py", line 432, in _execute_callable
    return execute_callable(context=context, **execute_callable_kwargs)
           ^^^^^^^^^^^^^^^^^^^^^^^^^^^^^^^^^^^^^^^^^^^^^^^^^^^^^^^^^^^^
  File "/home/airflow/.local/lib/python3.12/site-packages/airflow/models/baseoperator.py", line 401, in wrapper
    return func(self, *args, **kwargs)
           ^^^^^^^^^^^^^^^^^^^^^^^^^^^
  File "/home/airflow/.local/lib/python3.12/site-packages/airflow/providers/common/sql/operators/sql.py", line 277, in execute
    hook = self.get_db_hook()
           ^^^^^^^^^^^^^^^^^^
  File "/home/airflow/.local/lib/python3.12/site-packages/airflow/providers/common/sql/operators/sql.py", line 188, in get_db_hook
    return self._hook
           ^^^^^^^^^^
  File "/usr/local/lib/python3.12/functools.py", line 995, in __get__
    val = self.func(instance)
          ^^^^^^^^^^^^^^^^^^^
  File "/home/airflow/.local/lib/python3.12/site-packages/airflow/providers/common/sql/operators/sql.py", line 150, in _hook
    conn = BaseHook.get_connection(conn_id)
           ^^^^^^^^^^^^^^^^^^^^^^^^^^^^^^^^
  File "/home/airflow/.local/lib/python3.12/site-packages/airflow/hooks/base.py", line 83, in get_connection
    conn = Connection.get_connection_from_secrets(conn_id)
           ^^^^^^^^^^^^^^^^^^^^^^^^^^^^^^^^^^^^^^^^^^^^^^^
  File "/home/airflow/.local/lib/python3.12/site-packages/airflow/models/connection.py", line 519, in get_connection_from_secrets
    raise AirflowNotFoundException(f"The conn_id `{conn_id}` isn't defined")
airflow.exceptions.AirflowNotFoundException: The conn_id `transform` isn't defined
[2026-09-15T10:11:33.229+0000] {taskinstance.py:1206} INFO - Marking task as FAILED. dag_id=daily_report, task_id=sql_task_1, run_id=manual__2026-09-15T10:11:30.122926+00:00, execution_date=20260915T101130, start_date=20260915T101133, end_date=20260915T101133
[2026-09-15T10:11:33.238+0000] {standard_task_runner.py:110} ERROR - Failed to execute job 4 for task sql_task_1 (The conn_id `transform` isn't defined; 76)
[2026-09-15T10:11:33.250+0000] {local_task_job_runner.py:240} INFO - Task exited with return code 1
[2026-09-15T10:11:33.272+0000] {taskinstance.py:3503} INFO - 0 downstream tasks scheduled from follow-on schedule check
[2026-09-15T10:11:33.276+0000] {local_task_job_runner.py:222} INFO - ::endgroup::
