[2026-09-15T10:11:00.232+0000] {processor.py:161} INFO - Started process (PID=50) to work on /opt/airflow/dags/output_dags.py
[2026-09-15T10:11:00.233+0000] {processor.py:830} INFO - Processing file /opt/airflow/dags/output_dags.py for tasks to queue
[2026-09-15T10:11:00.235+0000] {logging_mixin.py:188} INFO - [2026-09-15T10:11:00.234+0000] {dagbag.py:545} INFO - Filling up the DagBag from /opt/airflow/dags/output_dags.py
[2026-09-15T10:11:00.248+0000] {logging_mixin.py:188} INFO - [2026-09-15T10:11:00.247+0000] {dagbag.py:355} ERROR - Failed to import: /opt/airflow/dags/output_dags.py
Traceback (most recent call last):
  File "/home/airflow/.local/lib/python3.12/site-packages/airflow/models/dagbag.py", line 351, in parse
    loader.exec_module(new_module)
  File "<frozen importlib._bootstrap_external>", line 991, in exec_module
  File "<frozen importlib._bootstrap_external>", line 1129, in get_code
  File "<frozen importlib._bootstrap_external>", line 1059, in source_to_code
  File "<frozen importlib._bootstrap>", line 488, in _call_with_frames_removed
  File "/opt/airflow/dags/output_dags.py", line 21
    
    ^
IndentationError: expected an indented block after 'with' statement on line 10
[2026-09-15T10:11:00.250+0000] {processor.py:842} WARNING - No viable dags retrieved from /opt/airflow/dags/output_dags.py
[2026-09-15T10:11:00.272+0000] {processor.py:183} INFO - Processing /opt/airflow/dags/output_dags.py took 0.044 seconds
[2026-09-15T10:11:30.571+0000] {processor.py:161} INFO - Started process (PID=58) to work on /opt/airflow/dags/output_dags.py
[2026-09-15T10:11:30.572+0000] {processor.py:830} INFO - Processing file /opt/airflow/dags/output_dags.py for tasks to queue
[2026-09-15T10:11:30.574+0000] {logging_mixin.py:188} INFO - [2026-09-15T10:11:30.574+0000] {dagbag.py:545} INFO - Filling up the DagBag from /opt/airflow/dags/output_dags.py
[2026-09-15T10:11:30.589+0000] {logging_mixin.py:188} INFO - [2026-09-15T10:11:30.588+0000] {dagbag.py:355} ERROR - Failed to import: /opt/airflow/dags/output_dags.py
Traceback (most recent call last):
  File "/home/airflow/.local/lib/python3.12/site-packages/airflow/models/dagbag.py", line 351, in parse
    loader.exec_module(new_module)
  File "<frozen importlib._bootstrap_external>", line 991, in exec_module
  File "<frozen importlib._bootstrap_external>", line 1129, in get_code
  File "<frozen importlib._bootstrap_external>", line 1059, in source_to_code
  File "<frozen importlib._bootstrap>", line 488, in _call_with_frames_removed
  File "/opt/airflow/dags/output_dags.py", line 21
    
    ^
IndentationError: expected an indented block after 'with' statement on line 10
[2026-09-15T10:11:30.590+0000] {processor.py:842} WARNING - No viable dags retrieved from /opt/airflow/dags/output_dags.py
[2026-09-15T10:11:30.609+0000] {processor.py:183} INFO - Processing /opt/airflow/dags/output_dags.py took 0.044 seconds
[2026-09-15T10:12:00.828+0000] {processor.py:161} INFO - Started process (PID=66) to work on /opt/airflow/dags/output_dags.py
[2026-09-15T10:12:00.829+0000] {processor.py:830} INFO - Processing file /opt/airflow/dags/output_dags.py for tasks to queue
[2026-09-15T10:12:00.831+0000] {logging_mixin.py:188} INFO - [2026-09-15T10:12:00.831+0000] {dagbag.py:545} INFO - Filling up the DagBag from /opt/airflow/dags/output_dags.py
[2026-09-15T10:12:00.844+0000] {logging_mixin.py:188} INFO - [2026-09-15T10:12:00.843+0000] {dagbag.py:355} ERROR - Failed to import: /opt/airflow/dags/output_dags.py
Traceback (most recent call last):
  File "/home/airflow/.local/lib/python3.12/site-packages/airflow/models/dagbag.py", line 351, in parse
    loader.exec_module(new_module)
  File "<frozen importlib._bootstrap_external>", line 991, in exec_module
  File "<frozen importlib._bootstrap_external>", line 1129, in get_code
  File "<frozen importlib._bootstrap_external>", line 1059, in source_to_code
  File "<frozen importlib._bootstrap>", line 488, in _call_with_frames_removed
  File "/opt/airflow/dags/output_dags.py", line 21
    
    ^
IndentationError: expected an indented block after 'with' statement on line 10
[2026-09-15T10:12:00.844+0000] {processor.py:842} WARNING - No viable dags retrieved from /opt/airflow/dags/output_dags.py
[2026-09-15T10:12:00.864+0000] {processor.py:183} INFO - Processing /opt/airflow/dags/output_dags.py took 0.043 seconds
[2026-09-15T10:12:31.078+0000] {processor.py:161} INFO - Started process (PID=80) to work on /opt/airflow/dags/output_dags.py
[2026-09-15T10:12:31.079+0000] {processor.py:830} INFO - Processing file /opt/airflow/dags/output_dags.py for tasks to queue
[2026-09-15T10:12:31.081+0000] {logging_mixin.py:188} INFO - [2026-09-15T10:12:31.080+0000] {dagbag.py:545} INFO - Filling up the DagBag from /opt/airflow/dags/output_dags.py
[2026-09-15T10:12:31.093+0000] {logging_mixin.py:188} INFO - [2026-09-15T10:12:31.092+0000] {dagbag.py:355} ERROR - Failed to import: /opt/airflow/dags/output_dags.py
Traceback (most recent call last):
  File "/home/airflow/.local/lib/python3.12/site-packages/airflow/models/dagbag.py", line 351, in parse
    loader.exec_module(new_module)
  File "<frozen importlib._bootstrap_external>", line 991, in exec_module
  File "<frozen importlib._bootstrap_external>", line 1129, in get_code
  File "<frozen importlib._bootstrap_external>", line 1059, in source_to_code
  File "<frozen importlib._bootstrap>", line 488, in _call_with_frames_removed
  File "/opt/airflow/dags/output_dags.py", line 21
    
    ^
IndentationError: expected an indented block after 'with' statement on line 10
[2026-09-15T10:12:31.094+0000] {processor.py:842} WARNING - No viable dags retrieved from /opt/airflow/dags/output_dags.py
[2026-09-15T10:12:31.120+0000] {processor.py:183} INFO - Processing /opt/airflow/dags/output_dags.py took 0.047 seconds
[2026-09-15T10:13:01.359+0000] {processor.py:161} INFO - Started process (PID=88) to work on /opt/airflow/dags/output_dags.py
[2026-09-15T10:13:01.361+0000] {processor.py:830} INFO - Processing file /opt/airflow/dags/output_dags.py for tasks to queue
[2026-09-15T10:13:01.366+0000] {logging_mixin.py:188} INFO - [2026-09-15T10:13:01.365+0000] {dagbag.py:545} INFO - Filling up the DagBag from /opt/airflow/dags/output_dags.py
[2026-09-15T10:13:01.390+0000] {logging_mixin.py:188} INFO - [2026-09-15T10:13:01.388+0000] {dagbag.py:355} ERROR - Failed to import: /opt/airflow/dags/output_dags.py
Traceback (most recent call last):
  File "/home/airflow/.local/lib/python3.12/site-packages/airflow/models/dagbag.py", line 351, in parse
    loader.exec_module(new_module)
  File "<frozen importlib._bootstrap_external>", line 991, in exec_module
  File "<frozen importlib._bootstrap_external>", line 1129, in get_code
  File "<frozen importlib._bootstrap_external>", line 1059, in source_to_code
  File "<frozen importlib._bootstrap>", line 488, in _call_with_frames_removed
  File "/opt/airflow/dags/output_dags.py", line 21
    
    ^
IndentationError: expected an indented block after 'with' statement on line 10
[2026-09-15T10:13:01.392+0000] {processor.py:842} WARNING - No viable dags retrieved from /opt/airflow/dags/output_dags.py
[2026-09-15T10:13:01.427+0000] {processor.py:183} INFO - Processing /opt/airflow/dags/output_dags.py took 0.077 seconds
[2026-09-15T10:13:31.646+0000] {processor.py:161} INFO - Started process (PID=96) to work on /opt/airflow/dags/output_dags.py
[2026-09-15T10:13:31.647+0000] {processor.py:830} INFO - Processing file /opt/airflow/dags/output_dags.py for tasks to queue
[2026-09-15T10:13:31.650+0000] {logging_mixin.py:188} INFO - [2026-09-15T10:13:31.649+0000] {dagbag.py:545} INFO - Filling up the DagBag from /opt/airflow/dags/output_dags.py
[2026-09-15T10:13:31.664+0000] {logging_mixin.py:188} INFO - [2026-09-15T10:13:31.663+0000] {dagbag.py:355} ERROR - Failed to import: /opt/airflow/dags/output_dags.py
Traceback (most recent call last):
  File "/home/airflow/.local/lib/python3.12/site-packages/airflow/models/dagbag.py", line 351, in parse
    loader.exec_module(new_module)
  File "<frozen importlib._bootstrap_external>", line 991, in exec_module
  File "<frozen importlib._bootstrap_external>", line 1129, in get_code
  File "<frozen importlib._bootstrap_external>", line 1059, in source_to_code
  File "<frozen importlib._bootstrap>", line 488, in _call_with_frames_removed
  File "/opt/airflow/dags/output_dags.py", line 21
    
    ^
IndentationError: expected an indented block after 'with' statement on line 10
[2026-09-15T10:13:31.665+0000] {processor.py:842} WARNING - No viable dags retrieved from /opt/airflow/dags/output_dags.py
[2026-09-15T10:13:31.685+0000] {processor.py:183} INFO - Processing /opt/airflow/dags/output_dags.py took 0.046 seconds
[2026-09-15T10:14:01.898+0000] {processor.py:161} INFO - Started process (PID=104) to work on /opt/airflow/dags/output_dags.py
[2026-09-15T10:14:01.899+0000] {processor.py:830} INFO - Processing file /opt/airflow/dags/output_dags.py for tasks to queue
[2026-09-15T10:14:01.901+0000] {logging_mixin.py:188} INFO - [2026-09-15T10:14:01.901+0000] {dagbag.py:545} INFO - Filling up the DagBag from /opt/airflow/dags/output_dags.py
[2026-09-15T10:14:01.914+0000] {logging_mixin.py:188} INFO - [2026-09-15T10:14:01.913+0000] {dagbag.py:355} ERROR - Failed to import: /opt/airflow/dags/output_dags.py
Traceback (most recent call last):
  File "/home/airflow/.local/lib/python3.12/site-packages/airflow/models/dagbag.py", line 351, in parse
    loader.exec_module(new_module)
  File "<frozen importlib._bootstrap_external>", line 991, in exec_module
  File "<frozen importlib._bootstrap_external>", line 1129, in get_code
  File "<frozen importlib._bootstrap_external>", line 1059, in source_to_code
  File "<frozen importlib._bootstrap>", line 488, in _call_with_frames_removed
  File "/opt/airflow/dags/output_dags.py", line 21
    
    ^
IndentationError: expected an indented block after 'with' statement on line 10
[2026-09-15T10:14:01.915+0000] {processor.py:842} WARNING - No viable dags retrieved from /opt/airflow/dags/output_dags.py
[2026-09-15T10:14:01.933+0000] {processor.py:183} INFO - Processing /opt/airflow/dags/output_dags.py took 0.040 seconds
[2026-09-15T10:14:32.151+0000] {processor.py:161} INFO - Started process (PID=112) to work on /opt/airflow/dags/output_dags.py
[2026-09-15T10:14:32.152+0000] {processor.py:830} INFO - Processing file /opt/airflow/dags/output_dags.py for tasks to queue
[2026-09-15T10:14:32.155+0000] {logging_mixin.py:188} INFO - [2026-09-15T10:14:32.154+0000] {dagbag.py:545} INFO - Filling up the DagBag from /opt/airflow/dags/output_dags.py
[2026-09-15T10:14:32.170+0000] {logging_mixin.py:188} INFO - [2026-09-15T10:14:32.169+0000] {dagbag.py:355} ERROR - Failed to import: /opt/airflow/dags/output_dags.py
Traceback (most recent call last):
  File "/home/airflow/.local/lib/python3.12/site-packages/airflow/models/dagbag.py", line 351, in parse
    loader.exec_module(new_module)
  File "<frozen importlib._bootstrap_external>", line 991, in exec_module
  File "<frozen importlib._bootstrap_external>", line 1129, in get_code
  File "<frozen importlib._bootstrap_external>", line 1059, in source_to_code
  File "<frozen importlib._bootstrap>", line 488, in _call_with_frames_removed
  File "/opt/airflow/dags/output_dags.py", line 21
    
    ^
IndentationError: expected an indented block after 'with' statement on line 10
[2026-09-15T10:14:32.171+0000] {processor.py:842} WARNING - No viable dags retrieved from /opt/airflow/dags/output_dags.py
[2026-09-15T10:14:32.194+0000] {processor.py:183} INFO - Processing /opt/airflow/dags/output_dags.py took 0.048 seconds
[2026-09-15T10:15:02.413+0000] {processor.py:161} INFO - Started process (PID=120) to work on /opt/airflow/dags/output_dags.py
[2026-09-15T10:15:02.414+0000] {processor.py:830} INFO - Processing file /opt/airflow/dags/output_dags.py for tasks to queue
[2026-09-15T10:15:02.416+0000] {logging_mixin.py:188} INFO - [2026-09-15T10:15:02.416+0000] {dagbag.py:545} INFO - Filling up the DagBag from /opt/airflow/dags/output_dags.py
[2026-09-15T10:15:02.429+0000] {logging_mixin.py:188} INFO - [2026-09-15T10:15:02.428+0000] {dagbag.py:355} ERROR - Failed to import: /opt/airflow/dags/output_dags.py
Traceback (most recent call last):
  File "/home/airflow/.local/lib/python3.12/site-packages/airflow/models/dagbag.py", line 351, in parse
    loader.exec_module(new_module)
  File "<frozen importlib._bootstrap_external>", line 991, in exec_module
  File "<frozen importlib._bootstrap_external>", line 1129, in get_code
  File "<frozen importlib._bootstrap_external>", line 1059, in source_to_code
  File "<frozen importlib._bootstrap>", line 488, in _call_with_frames_removed
  File "/opt/airflow/dags/output_dags.py", line 21
    
    ^
IndentationError: expected an indented block after 'with' statement on line 10
[2026-09-15T10:15:02.430+0000] {processor.py:842} WARNING - No viable dags retrieved from /opt/airflow/dags/output_dags.py
[2026-09-15T10:15:02.449+0000] {processor.py:183} INFO - Processing /opt/airflow/dags/output_dags.py took 0.040 seconds
[2026-09-15T10:15:32.676+0000] {processor.py:161} INFO - Started process (PID=128) to work on /opt/airflow/dags/output_dags.py
[2026-09-15T10:15:32.677+0000] {processor.py:830} INFO - Processing file /opt/airflow/dags/output_dags.py for tasks to queue
[2026-09-15T10:15:32.679+0000] {logging_mixin.py:188} INFO - [2026-09-15T10:15:32.679+0000] {dagbag.py:545} INFO - Filling up the DagBag from /opt/airflow/dags/output_dags.py
[2026-09-15T10:15:32.691+0000] {logging_mixin.py:188} INFO - [2026-09-15T10:15:32.690+0000] {dagbag.py:355} ERROR - Failed to import: /opt/airflow/dags/output_dags.py
Traceback (most recent call last):
  File "/home/airflow/.local/lib/python3.12/site-packages/airflow/models/dagbag.py", line 351, in parse
    loader.exec_module(new_module)
  File "<frozen importlib._bootstrap_external>", line 991, in exec_module
  File "<frozen importlib._bootstrap_external>", line 1129, in get_code
  File "<frozen importlib._bootstrap_external>", line 1059, in source_to_code
  File "<frozen importlib._bootstrap>", line 488, in _call_with_frames_removed
  File "/opt/airflow/dags/output_dags.py", line 21
    
    ^
IndentationError: expected an indented block after 'with' statement on line 10
[2026-09-15T10:15:32.691+0000] {processor.py:842} WARNING - No viable dags retrieved from /opt/airflow/dags/output_dags.py
[2026-09-15T10:15:32.711+0000] {processor.py:183} INFO - Processing /opt/airflow/dags/output_dags.py took 0.039 seconds
[2026-09-15T10:16:02.955+0000] {processor.py:161} INFO - Started process (PID=136) to work on /opt/airflow/dags/output_dags.py
[2026-09-15T10:16:02.956+0000] {processor.py:830} INFO - Processing file /opt/airflow/dags/output_dags.py for tasks to queue
[2026-09-15T10:16:02.959+0000] {logging_mixin.py:188} INFO - [2026-09-15T10:16:02.958+0000] {dagbag.py:545} INFO - Filling up the DagBag from /opt/airflow/dags/output_dags.py
[2026-09-15T10:16:02.971+0000] {logging_mixin.py:188} INFO - [2026-09-15T10:16:02.970+0000] {dagbag.py:355} ERROR - Failed to import: /opt/airflow/dags/output_dags.py
Traceback (most recent call last):
  File "/home/airflow/.local/lib/python3.12/site-packages/airflow/models/dagbag.py", line 351, in parse
    loader.exec_module(new_module)
  File "<frozen importlib._bootstrap_external>", line 991, in exec_module
  File "<frozen importlib._bootstrap_external>", line 1129, in get_code
  File "<frozen importlib._bootstrap_external>", line 1059, in source_to_code
  File "<frozen importlib._bootstrap>", line 488, in _call_with_frames_removed
  File "/opt/airflow/dags/output_dags.py", line 21
    
    ^
IndentationError: expected an indented block after 'with' statement on line 10
[2026-09-15T10:16:02.972+0000] {processor.py:842} WARNING - No viable dags retrieved from /opt/airflow/dags/output_dags.py
[2026-09-15T10:16:02.996+0000] {processor.py:183} INFO - Processing /opt/airflow/dags/output_dags.py took 0.046 seconds
[2026-09-15T10:16:33.215+0000] {processor.py:161} INFO - Started process (PID=144) to work on /opt/airflow/dags/output_dags.py
[2026-09-15T10:16:33.216+0000] {processor.py:830} INFO - Processing file /opt/airflow/dags/output_dags.py for tasks to queue
[2026-09-15T10:16:33.218+0000] {logging_mixin.py:188} INFO - [2026-09-15T10:16:33.218+0000] {dagbag.py:545} INFO - Filling up the DagBag from /opt/airflow/dags/output_dags.py
[2026-09-15T10:16:33.233+0000] {logging_mixin.py:188} INFO - [2026-09-15T10:16:33.232+0000] {dagbag.py:355} ERROR - Failed to import: /opt/airflow/dags/output_dags.py
Traceback (most recent call last):
  File "/home/airflow/.local/lib/python3.12/site-packages/airflow/models/dagbag.py", line 351, in parse
    loader.exec_module(new_module)
  File "<frozen importlib._bootstrap_external>", line 991, in exec_module
  File "<frozen importlib._bootstrap_external>", line 1129, in get_code
  File "<frozen importlib._bootstrap_external>", line 1059, in source_to_code
  File "<frozen importlib._bootstrap>", line 488, in _call_with_frames_removed
  File "/opt/airflow/dags/output_dags.py", line 21
    
    ^
IndentationError: expected an indented block after 'with' statement on line 10
[2026-09-15T10:16:33.234+0000] {processor.py:842} WARNING - No viable dags retrieved from /opt/airflow/dags/output_dags.py
[2026-09-15T10:16:33.255+0000] {processor.py:183} INFO - Processing /opt/airflow/dags/output_dags.py took 0.046 seconds
[2026-09-15T10:17:03.473+0000] {processor.py:161} INFO - Started process (PID=152) to work on /opt/airflow/dags/output_dags.py
[2026-09-15T10:17:03.474+0000] {processor.py:830} INFO - Processing file /opt/airflow/dags/output_dags.py for tasks to queue
[2026-09-15T10:17:03.477+0000] {logging_mixin.py:188} INFO - [2026-09-15T10:17:03.476+0000] {dagbag.py:545} INFO - Filling up the DagBag from /opt/airflow/dags/output_dags.py
[2026-09-15T10:17:03.501+0000] {logging_mixin.py:188} INFO - [2026-09-15T10:17:03.498+0000] {dagbag.py:355} ERROR - Failed to import: /opt/airflow/dags/output_dags.py
Traceback (most recent call last):
  File "/home/airflow/.local/lib/python3.12/site-packages/airflow/models/dagbag.py", line 351, in parse
    loader.exec_module(new_module)
  File "<frozen importlib._bootstrap_external>", line 991, in exec_module
  File "<frozen importlib._bootstrap_external>", line 1129, in get_code
  File "<frozen importlib._bootstrap_external>", line 1059, in source_to_code
  File "<frozen importlib._bootstrap>", line 488, in _call_with_frames_removed
  File "/opt/airflow/dags/output_dags.py", line 21
    
    ^
IndentationError: expected an indented block after 'with' statement on line 10
[2026-09-15T10:17:03.503+0000] {processor.py:842} WARNING - No viable dags retrieved from /opt/airflow/dags/output_dags.py
[2026-09-15T10:17:03.528+0000] {processor.py:183} INFO - Processing /opt/airflow/dags/output_dags.py took 0.061 seconds
[2026-09-15T10:17:33.744+0000] {processor.py:161} INFO - Started process (PID=160) to work on /opt/airflow/dags/output_dags.py
[2026-09-15T10:17:33.745+0000] {processor.py:830} INFO - Processing file /opt/airflow/dags/output_dags.py for tasks to queue
[2026-09-15T10:17:33.747+0000] {logging_mixin.py:188} INFO - [2026-09-15T10:17:33.747+0000] {dagbag.py:545} INFO - Filling up the DagBag from /opt/airflow/dags/output_dags.py
[2026-09-15T10:17:33.759+0000] {logging_mixin.py:188} INFO - [2026-09-15T10:17:33.758+0000] {dagbag.py:355} ERROR - Failed to import: /opt/airflow/dags/output_dags.py
Traceback (most recent call last):
  File "/home/airflow/.local/lib/python3.12/site-packages/airflow/models/dagbag.py", line 351, in parse
    loader.exec_module(new_module)
  File "<frozen importlib._bootstrap_external>", line 991, in exec_module
  File "<frozen importlib._bootstrap_external>", line 1129, in get_code
  File "<frozen importlib._bootstrap_external>", line 1059, in source_to_code
  File "<frozen importlib._bootstrap>", line 488, in _call_with_frames_removed
  File "/opt/airflow/dags/output_dags.py", line 21
    
    ^
IndentationError: expected an indented block after 'with' statement on line 10
[2026-09-15T10:17:33.760+0000] {processor.py:842} WARNING - No viable dags retrieved from /opt/airflow/dags/output_dags.py
[2026-09-15T10:17:33.777+0000] {processor.py:183} INFO - Processing /opt/airflow/dags/output_dags.py took 0.037 seconds
[2026-09-15T10:18:03.996+0000] {processor.py:161} INFO - Started process (PID=168) to work on /opt/airflow/dags/output_dags.py
[2026-09-15T10:18:03.997+0000] {processor.py:830} INFO - Processing file /opt/airflow/dags/output_dags.py for tasks to queue
[2026-09-15T10:18:03.999+0000] {logging_mixin.py:188} INFO - [2026-09-15T10:18:03.999+0000] {dagbag.py:545} INFO - Filling up the DagBag from /opt/airflow/dags/output_dags.py
[2026-09-15T10:18:04.010+0000] {logging_mixin.py:188} INFO - [2026-09-15T10:18:04.010+0000] {dagbag.py:355} ERROR - Failed to import: /opt/airflow/dags/output_dags.py
Traceback (most recent call last):
  File "/home/airflow/.local/lib/python3.12/site-packages/airflow/models/dagbag.py", line 351, in parse
    loader.exec_module(new_module)
  File "<frozen importlib._bootstrap_external>", line 991, in exec_module
  File "<frozen importlib._bootstrap_external>", line 1129, in get_code
  File "<frozen importlib._bootstrap_external>", line 1059, in source_to_code
  File "<frozen importlib._bootstrap>", line 488, in _call_with_frames_removed
  File "/opt/airflow/dags/output_dags.py", line 21
    
    ^
IndentationError: expected an indented block after 'with' statement on line 10
[2026-09-15T10:18:04.011+0000] {processor.py:842} WARNING - No viable dags retrieved from /opt/airflow/dags/output_dags.py
[2026-09-15T10:18:04.030+0000] {processor.py:183} INFO - Processing /opt/airflow/dags/output_dags.py took 0.038 seconds
[2026-09-15T10:18:34.234+0000] {processor.py:161} INFO - Started process (PID=176) to work on /opt/airflow/dags/output_dags.py
[2026-09-15T10:18:34.235+0000] {processor.py:830} INFO - Processing file /opt/airflow/dags/output_dags.py for tasks to queue
[2026-09-15T10:18:34.238+0000] {logging_mixin.py:188} INFO - [2026-09-15T10:18:34.237+0000] {dagbag.py:545} INFO - Filling up the DagBag from /opt/airflow/dags/output_dags.py
[2026-09-15T10:18:34.250+0000] {logging_mixin.py:188} INFO - [2026-09-15T10:18:34.249+0000] {dagbag.py:355} ERROR - Failed to import: /opt/airflow/dags/output_dags.py
Traceback (most recent call last):
  File "/home/airflow/.local/lib/python3.12/site-packages/airflow/models/dagbag.py", line 351, in parse
    loader.exec_module(new_module)
  File "<frozen importlib._bootstrap_external>", line 991, in exec_module
  File "<frozen importlib._bootstrap_external>", line 1129, in get_code
  File "<frozen importlib._bootstrap_external>", line 1059, in source_to_code
  File "<frozen importlib._bootstrap>", line 488, in _call_with_frames_removed
  File "/opt/airflow/dags/output_dags.py", line 21
    
    ^
IndentationError: expected an indented block after 'with' statement on line 10
[2026-09-15T10:18:34.251+0000] {processor.py:842} WARNING - No viable dags retrieved from /opt/airflow/dags/output_dags.py
[2026-09-15T10:18:34.269+0000] {processor.py:183} INFO - Processing /opt/airflow/dags/output_dags.py took 0.039 seconds
[2026-09-15T10:19:04.486+0000] {processor.py:161} INFO - Started process (PID=184) to work on /opt/airflow/dags/output_dags.py
[2026-09-15T10:19:04.487+0000] {processor.py:830} INFO - Processing file /opt/airflow/dags/output_dags.py for tasks to queue
[2026-09-15T10:19:04.489+0000] {logging_mixin.py:188} INFO - [2026-09-15T10:19:04.489+0000] {dagbag.py:545} INFO - Filling up the DagBag from /opt/airflow/dags/output_dags.py
[2026-09-15T10:19:04.502+0000] {logging_mixin.py:188} INFO - [2026-09-15T10:19:04.501+0000] {dagbag.py:355} ERROR - Failed to import: /opt/airflow/dags/output_dags.py
Traceback (most recent call last):
  File "/home/airflow/.local/lib/python3.12/site-packages/airflow/models/dagbag.py", line 351, in parse
    loader.exec_module(new_module)
  File "<frozen importlib._bootstrap_external>", line 991, in exec_module
  File "<frozen importlib._bootstrap_external>", line 1129, in get_code
  File "<frozen importlib._bootstrap_external>", line 1059, in source_to_code
  File "<frozen importlib._bootstrap>", line 488, in _call_with_frames_removed
  File "/opt/airflow/dags/output_dags.py", line 21
    
    ^
IndentationError: expected an indented block after 'with' statement on line 10
[2026-09-15T10:19:04.503+0000] {processor.py:842} WARNING - No viable dags retrieved from /opt/airflow/dags/output_dags.py
[2026-09-15T10:19:04.520+0000] {processor.py:183} INFO - Processing /opt/airflow/dags/output_dags.py took 0.038 seconds
[2026-09-15T10:19:34.736+0000] {processor.py:161} INFO - Started process (PID=192) to work on /opt/airflow/dags/output_dags.py
[2026-09-15T10:19:34.737+0000] {processor.py:830} INFO - Processing file /opt/airflow/dags/output_dags.py for tasks to queue
[2026-09-15T10:19:34.739+0000] {logging_mixin.py:188} INFO - [2026-09-15T10:19:34.739+0000] {dagbag.py:545} INFO - Filling up the DagBag from /opt/airflow/dags/output_dags.py
[2026-09-15T10:19:34.754+0000] {logging_mixin.py:188} INFO - [2026-09-15T10:19:34.753+0000] {dagbag.py:355} ERROR - Failed to import: /opt/airflow/dags/output_dags.py
Traceback (most recent call last):
  File "/home/airflow/.local/lib/python3.12/site-packages/airflow/models/dagbag.py", line 351, in parse
    loader.exec_module(new_module)
  File "<frozen importlib._bootstrap_external>", line 991, in exec_module
  File "<frozen importlib._bootstrap_external>", line 1129, in get_code
  File "<frozen importlib._bootstrap_external>", line 1059, in source_to_code
  File "<frozen importlib._bootstrap>", line 488, in _call_with_frames_removed
  File "/opt/airflow/dags/output_dags.py", line 21
    
    ^
IndentationError: expected an indented block after 'with' statement on line 10
[2026-09-15T10:19:34.754+0000] {processor.py:842} WARNING - No viable dags retrieved from /opt/airflow/dags/output_dags.py
[2026-09-15T10:19:34.775+0000] {processor.py:183} INFO - Processing /opt/airflow/dags/output_dags.py took 0.043 seconds
[2026-09-15T10:20:04.984+0000] {processor.py:161} INFO - Started process (PID=200) to work on /opt/airflow/dags/output_dags.py
[2026-09-15T10:20:04.984+0000] {processor.py:830} INFO - Processing file /opt/airflow/dags/output_dags.py for tasks to queue
[2026-09-15T10:20:04.987+0000] {logging_mixin.py:188} INFO - [2026-09-15T10:20:04.986+0000] {dagbag.py:545} INFO - Filling up the DagBag from /opt/airflow/dags/output_dags.py
[2026-09-15T10:20:04.998+0000] {logging_mixin.py:188} INFO - [2026-09-15T10:20:04.998+0000] {dagbag.py:355} ERROR - Failed to import: /opt/airflow/dags/output_dags.py
Traceback (most recent call last):
  File "/home/airflow/.local/lib/python3.12/site-packages/airflow/models/dagbag.py", line 351, in parse
    loader.exec_module(new_module)
  File "<frozen importlib._bootstrap_external>", line 991, in exec_module
  File "<frozen importlib._bootstrap_external>", line 1129, in get_code
  File "<frozen importlib._bootstrap_external>", line 1059, in source_to_code
  File "<frozen importlib._bootstrap>", line 488, in _call_with_frames_removed
  File "/opt/airflow/dags/output_dags.py", line 21
    
    ^
IndentationError: expected an indented block after 'with' statement on line 10
[2026-09-15T10:20:04.999+0000] {processor.py:842} WARNING - No viable dags retrieved from /opt/airflow/dags/output_dags.py
[2026-09-15T10:20:05.019+0000] {processor.py:183} INFO - Processing /opt/airflow/dags/output_dags.py took 0.040 seconds
[2026-09-15T10:20:35.238+0000] {processor.py:161} INFO - Started process (PID=208) to work on /opt/airflow/dags/output_dags.py
[2026-09-15T10:20:35.239+0000] {processor.py:830} INFO - Processing file /opt/airflow/dags/output_dags.py for tasks to queue
[2026-09-15T10:20:35.240+0000] {logging_mixin.py:188} INFO - [2026-09-15T10:20:35.240+0000] {dagbag.py:545} INFO - Filling up the DagBag from /opt/airflow/dags/output_dags.py
[2026-09-15T10:20:35.254+0000] {logging_mixin.py:188} INFO - [2026-09-15T10:20:35.253+0000] {dagbag.py:355} ERROR - Failed to import: /opt/airflow/dags/output_dags.py
Traceback (most recent call last):
  File "/home/airflow/.local/lib/python3.12/site-packages/airflow/models/dagbag.py", line 351, in parse
    loader.exec_module(new_module)
  File "<frozen importlib._bootstrap_external>", line 991, in exec_module
  File "<frozen importlib._bootstrap_external>", line 1129, in get_code
  File "<frozen importlib._bootstrap_external>", line 1059, in source_to_code
  File "<frozen importlib._bootstrap>", line 488, in _call_with_frames_removed
  File "/opt/airflow/dags/output_dags.py", line 21
    
    ^
IndentationError: expected an indented block after 'with' statement on line 10
[2026-09-15T10:20:35.255+0000] {processor.py:842} WARNING - No viable dags retrieved from /opt/airflow/dags/output_dags.py
[2026-09-15T10:20:35.274+0000] {processor.py:183} INFO - Processing /opt/airflow/dags/output_dags.py took 0.041 seconds
[2026-09-15T10:21:05.528+0000] {processor.py:161} INFO - Started process (PID=216) to work on /opt/airflow/dags/output_dags.py
[2026-09-15T10:21:05.530+0000] {processor.py:830} INFO - Processing file /opt/airflow/dags/output_dags.py for tasks to queue
[2026-09-15T10:21:05.532+0000] {logging_mixin.py:188} INFO - [2026-09-15T10:21:05.532+0000] {dagbag.py:545} INFO - Filling up the DagBag from /opt/airflow/dags/output_dags.py
[2026-09-15T10:21:05.545+0000] {logging_mixin.py:188} INFO - [2026-09-15T10:21:05.544+0000] {dagbag.py:355} ERROR - Failed to import: /opt/airflow/dags/output_dags.py
Traceback (most recent call last):
  File "/home/airflow/.local/lib/python3.12/site-packages/airflow/models/dagbag.py", line 351, in parse
    loader.exec_module(new_module)
  File "<frozen importlib._bootstrap_external>", line 991, in exec_module
  File "<frozen importlib._bootstrap_external>", line 1129, in get_code
  File "<frozen importlib._bootstrap_external>", line 1059, in source_to_code
  File "<frozen importlib._bootstrap>", line 488, in _call_with_frames_removed
  File "/opt/airflow/dags/output_dags.py", line 21
    
    ^
IndentationError: expected an indented block after 'with' statement on line 10
[2026-09-15T10:21:05.546+0000] {processor.py:842} WARNING - No viable dags retrieved from /opt/airflow/dags/output_dags.py
[2026-09-15T10:21:05.569+0000] {processor.py:183} INFO - Processing /opt/airflow/dags/output_dags.py took 0.046 seconds
[2026-09-15T10:21:35.784+0000] {processor.py:161} INFO - Started process (PID=224) to work on /opt/airflow/dags/output_dags.py
[2026-09-15T10:21:35.785+0000] {processor.py:830} INFO - Processing file /opt/airflow/dags/output_dags.py for tasks to queue
[2026-09-15T10:21:35.786+0000] {logging_mixin.py:188} INFO - [2026-09-15T10:21:35.786+0000] {dagbag.py:545} INFO - Filling up the DagBag from /opt/airflow/dags/output_dags.py
[2026-09-15T10:21:35.798+0000] {logging_mixin.py:188} INFO - [2026-09-15T10:21:35.797+0000] {dagbag.py:355} ERROR - Failed to import: /opt/airflow/dags/output_dags.py
Traceback (most recent call last):
  File "/home/airflow/.local/lib/python3.12/site-packages/airflow/models/dagbag.py", line 351, in parse
    loader.exec_module(new_module)
  File "<frozen importlib._bootstrap_external>", line 991, in exec_module
  File "<frozen importlib._bootstrap_external>", line 1129, in get_code
  File "<frozen importlib._bootstrap_external>", line 1059, in source_to_code
  File "<frozen importlib._bootstrap>", line 488, in _call_with_frames_removed
  File "/opt/airflow/dags/output_dags.py", line 21
    
    ^
IndentationError: expected an indented block after 'with' statement on line 10
[2026-09-15T10:21:35.799+0000] {processor.py:842} WARNING - No viable dags retrieved from /opt/airflow/dags/output_dags.py
[2026-09-15T10:21:35.816+0000] {processor.py:183} INFO - Processing /opt/airflow/dags/output_dags.py took 0.036 seconds
[2026-09-15T10:22:06.022+0000] {processor.py:161} INFO - Started process (PID=232) to work on /opt/airflow/dags/output_dags.py
[2026-09-15T10:22:06.023+0000] {processor.py:830} INFO - Processing file /opt/airflow/dags/output_dags.py for tasks to queue
[2026-09-15T10:22:06.025+0000] {logging_mixin.py:188} INFO - [2026-09-15T10:22:06.025+0000] {dagbag.py:545} INFO - Filling up the DagBag from /opt/airflow/dags/output_dags.py
[2026-09-15T10:22:06.037+0000] {logging_mixin.py:188} INFO - [2026-09-15T10:22:06.036+0000] {dagbag.py:355} ERROR - Failed to import: /opt/airflow/dags/output_dags.py
Traceback (most recent call last):
  File "/home/airflow/.local/lib/python3.12/site-packages/airflow/models/dagbag.py", line 351, in parse
    loader.exec_module(new_module)
  File "<frozen importlib._bootstrap_external>", line 991, in exec_module
  File "<frozen importlib._bootstrap_external>", line 1129, in get_code
  File "<frozen importlib._bootstrap_external>", line 1059, in source_to_code
  File "<frozen importlib._bootstrap>", line 488, in _call_with_frames_removed
  File "/opt/airflow/dags/output_dags.py", line 21
    
    ^
IndentationError: expected an indented block after 'with' statement on line 10
[2026-09-15T10:22:06.038+0000] {processor.py:842} WARNING - No viable dags retrieved from /opt/airflow/dags/output_dags.py
[2026-09-15T10:22:06.054+0000] {processor.py:183} INFO - Processing /opt/airflow/dags/output_dags.py took 0.035 seconds
[2026-09-15T10:22:36.259+0000] {processor.py:161} INFO - Started process (PID=240) to work on /opt/airflow/dags/output_dags.py
[2026-09-15T10:22:36.260+0000] {processor.py:830} INFO - Processing file /opt/airflow/dags/output_dags.py for tasks to queue
[2026-09-15T10:22:36.262+0000] {logging_mixin.py:188} INFO - [2026-09-15T10:22:36.261+0000] {dagbag.py:545} INFO - Filling up the DagBag from /opt/airflow/dags/output_dags.py
[2026-09-15T10:22:36.274+0000] {logging_mixin.py:188} INFO - [2026-09-15T10:22:36.273+0000] {dagbag.py:355} ERROR - Failed to import: /opt/airflow/dags/output_dags.py
Traceback (most recent call last):
  File "/home/airflow/.local/lib/python3.12/site-packages/airflow/models/dagbag.py", line 351, in parse
    loader.exec_module(new_module)
  File "<frozen importlib._bootstrap_external>", line 991, in exec_module
  File "<frozen importlib._bootstrap_external>", line 1129, in get_code
  File "<frozen importlib._bootstrap_external>", line 1059, in source_to_code
  File "<frozen importlib._bootstrap>", line 488, in _call_with_frames_removed
  File "/opt/airflow/dags/output_dags.py", line 21
    
    ^
IndentationError: expected an indented block after 'with' statement on line 10
[2026-09-15T10:22:36.275+0000] {processor.py:842} WARNING - No viable dags retrieved from /opt/airflow/dags/output_dags.py
[2026-09-15T10:22:36.290+0000] {processor.py:183} INFO - Processing /opt/airflow/dags/output_dags.py took 0.035 seconds
[2026-09-15T10:23:06.508+0000] {processor.py:161} INFO - Started process (PID=248) to work on /opt/airflow/dags/output_dags.py
[2026-09-15T10:23:06.509+0000] {processor.py:830} INFO - Processing file /opt/airflow/dags/output_dags.py for tasks to queue
[2026-09-15T10:23:06.510+0000] {logging_mixin.py:188} INFO - [2026-09-15T10:23:06.510+0000] {dagbag.py:545} INFO - Filling up the DagBag from /opt/airflow/dags/output_dags.py
[2026-09-15T10:23:06.524+0000] {logging_mixin.py:188} INFO - [2026-09-15T10:23:06.523+0000] {dagbag.py:355} ERROR - Failed to import: /opt/airflow/dags/output_dags.py
Traceback (most recent call last):
  File "/home/airflow/.local/lib/python3.12/site-packages/airflow/models/dagbag.py", line 351, in parse
    loader.exec_module(new_module)
  File "<frozen importlib._bootstrap_external>", line 991, in exec_module
  File "<frozen importlib._bootstrap_external>", line 1129, in get_code
  File "<frozen importlib._bootstrap_external>", line 1059, in source_to_code
  File "<frozen importlib._bootstrap>", line 488, in _call_with_frames_removed
  File "/opt/airflow/dags/output_dags.py", line 21
    
    ^
IndentationError: expected an indented block after 'with' statement on line 10
[2026-09-15T10:23:06.524+0000] {processor.py:842} WARNING - No viable dags retrieved from /opt/airflow/dags/output_dags.py
[2026-09-15T10:23:06.542+0000] {processor.py:183} INFO - Processing /opt/airflow/dags/output_dags.py took 0.040 seconds
[2026-09-15T10:23:36.756+0000] {processor.py:161} INFO - Started process (PID=256) to work on /opt/airflow/dags/output_dags.py
[2026-09-15T10:23:36.757+0000] {processor.py:830} INFO - Processing file /opt/airflow/dags/output_dags.py for tasks to queue
[2026-09-15T10:23:36.759+0000] {logging_mixin.py:188} INFO - [2026-09-15T10:23:36.759+0000] {dagbag.py:545} INFO - Filling up the DagBag from /opt/airflow/dags/output_dags.py
[2026-09-15T10:23:36.770+0000] {logging_mixin.py:188} INFO - [2026-09-15T10:23:36.769+0000] {dagbag.py:355} ERROR - Failed to import: /opt/airflow/dags/output_dags.py
Traceback (most recent call last):
  File "/home/airflow/.local/lib/python3.12/site-packages/airflow/models/dagbag.py", line 351, in parse
    loader.exec_module(new_module)
  File "<frozen importlib._bootstrap_external>", line 991, in exec_module
  File "<frozen importlib._bootstrap_external>", line 1129, in get_code
  File "<frozen importlib._bootstrap_external>", line 1059, in source_to_code
  File "<frozen importlib._bootstrap>", line 488, in _call_with_frames_removed
  File "/opt/airflow/dags/output_dags.py", line 21
    
    ^
IndentationError: expected an indented block after 'with' statement on line 10
[2026-09-15T10:23:36.771+0000] {processor.py:842} WARNING - No viable dags retrieved from /opt/airflow/dags/output_dags.py
[2026-09-15T10:23:36.787+0000] {processor.py:183} INFO - Processing /opt/airflow/dags/output_dags.py took 0.035 seconds
[2026-09-15T10:24:07.003+0000] {processor.py:161} INFO - Started process (PID=264) to work on /opt/airflow/dags/output_dags.py
[2026-09-15T10:24:07.004+0000] {processor.py:830} INFO - Processing file /opt/airflow/dags/output_dags.py for tasks to queue
[2026-09-15T10:24:07.005+0000] {logging_mixin.py:188} INFO - [2026-09-15T10:24:07.005+0000] {dagbag.py:545} INFO - Filling up the DagBag from /opt/airflow/dags/output_dags.py
[2026-09-15T10:24:07.018+0000] {logging_mixin.py:188} INFO - [2026-09-15T10:24:07.017+0000] {dagbag.py:355} ERROR - Failed to import: /opt/airflow/dags/output_dags.py
Traceback (most recent call last):
  File "/home/airflow/.local/lib/python3.12/site-packages/airflow/models/dagbag.py", line 351, in parse
    loader.exec_module(new_module)
  File "<frozen importlib._bootstrap_external>", line 991, in exec_module
  File "<frozen importlib._bootstrap_external>", line 1129, in get_code
  File "<frozen importlib._bootstrap_external>", line 1059, in source_to_code
  File "<frozen importlib._bootstrap>", line 488, in _call_with_frames_removed
  File "/opt/airflow/dags/output_dags.py", line 21
    
    ^
IndentationError: expected an indented block after 'with' statement on line 10
[2026-09-15T10:24:07.019+0000] {processor.py:842} WARNING - No viable dags retrieved from /opt/airflow/dags/output_dags.py
[2026-09-15T10:24:07.036+0000] {processor.py:183} INFO - Processing /opt/airflow/dags/output_dags.py took 0.037 seconds
[2026-09-15T10:24:37.251+0000] {processor.py:161} INFO - Started process (PID=272) to work on /opt/airflow/dags/output_dags.py
[2026-09-15T10:24:37.252+0000] {processor.py:830} INFO - Processing file /opt/airflow/dags/output_dags.py for tasks to queue
[2026-09-15T10:24:37.254+0000] {logging_mixin.py:188} INFO - [2026-09-15T10:24:37.254+0000] {dagbag.py:545} INFO - Filling up the DagBag from /opt/airflow/dags/output_dags.py
[2026-09-15T10:24:37.266+0000] {logging_mixin.py:188} INFO - [2026-09-15T10:24:37.265+0000] {dagbag.py:355} ERROR - Failed to import: /opt/airflow/dags/output_dags.py
Traceback (most recent call last):
  File "/home/airflow/.local/lib/python3.12/site-packages/airflow/models/dagbag.py", line 351, in parse
    loader.exec_module(new_module)
  File "<frozen importlib._bootstrap_external>", line 991, in exec_module
  File "<frozen importlib._bootstrap_external>", line 1129, in get_code
  File "<frozen importlib._bootstrap_external>", line 1059, in source_to_code
  File "<frozen importlib._bootstrap>", line 488, in _call_with_frames_removed
  File "/opt/airflow/dags/output_dags.py", line 21
    
    ^
IndentationError: expected an indented block after 'with' statement on line 10
[2026-09-15T10:24:37.267+0000] {processor.py:842} WARNING - No viable dags retrieved from /opt/airflow/dags/output_dags.py
[2026-09-15T10:24:37.289+0000] {processor.py:183} INFO - Processing /opt/airflow/dags/output_dags.py took 0.041 seconds
[2026-09-15T10:25:07.508+0000] {processor.py:161} INFO - Started process (PID=280) to work on /opt/airflow/dags/output_dags.py
[2026-09-15T10:25:07.509+0000] {processor.py:830} INFO - Processing file /opt/airflow/dags/output_dags.py for tasks to queue
[2026-09-15T10:25:07.511+0000] {logging_mixin.py:188} INFO - [2026-09-15T10:25:07.511+0000] {dagbag.py:545} INFO - Filling up the DagBag from /opt/airflow/dags/output_dags.py
[2026-09-15T10:25:07.525+0000] {logging_mixin.py:188} INFO - [2026-09-15T10:25:07.524+0000] {dagbag.py:355} ERROR - Failed to import: /opt/airflow/dags/output_dags.py
Traceback (most recent call last):
  File "/home/airflow/.local/lib/python3.12/site-packages/airflow/models/dagbag.py", line 351, in parse
    loader.exec_module(new_module)
  File "<frozen importlib._bootstrap_external>", line 991, in exec_module
  File "<frozen importlib._bootstrap_external>", line 1129, in get_code
  File "<frozen importlib._bootstrap_external>", line 1059, in source_to_code
  File "<frozen importlib._bootstrap>", line 488, in _call_with_frames_removed
  File "/opt/airflow/dags/output_dags.py", line 21
    
    ^
IndentationError: expected an indented block after 'with' statement on line 10
[2026-09-15T10:25:07.526+0000] {processor.py:842} WARNING - No viable dags retrieved from /opt/airflow/dags/output_dags.py
[2026-09-15T10:25:07.547+0000] {processor.py:183} INFO - Processing /opt/airflow/dags/output_dags.py took 0.045 seconds
[2026-09-15T10:25:37.761+0000] {processor.py:161} INFO - Started process (PID=288) to work on /opt/airflow/dags/output_dags.py
[2026-09-15T10:25:37.762+0000] {processor.py:830} INFO - Processing file /opt/airflow/dags/output_dags.py for tasks to queue
[2026-09-15T10:25:37.764+0000] {logging_mixin.py:188} INFO - [2026-09-15T10:25:37.764+0000] {dagbag.py:545} INFO - Filling up the DagBag from /opt/airflow/dags/output_dags.py
[2026-09-15T10:25:37.775+0000] {logging_mixin.py:188} INFO - [2026-09-15T10:25:37.774+0000] {dagbag.py:355} ERROR - Failed to import: /opt/airflow/dags/output_dags.py
Traceback (most recent call last):
  File "/home/airflow/.local/lib/python3.12/site-packages/airflow/models/dagbag.py", line 351, in parse
    loader.exec_module(new_module)
  File "<frozen importlib._bootstrap_external>", line 991, in exec_module
  File "<frozen importlib._bootstrap_external>", line 1129, in get_code
  File "<frozen importlib._bootstrap_external>", line 1059, in source_to_code
  File "<frozen importlib._bootstrap>", line 488, in _call_with_frames_removed
  File "/opt/airflow/dags/output_dags.py", line 21
    
    ^
IndentationError: expected an indented block after 'with' statement on line 10
[2026-09-15T10:25:37.777+0000] {processor.py:842} WARNING - No viable dags retrieved from /opt/airflow/dags/output_dags.py
[2026-09-15T10:25:37.797+0000] {processor.py:183} INFO - Processing /opt/airflow/dags/output_dags.py took 0.040 seconds
[2026-09-15T10:26:08.053+0000] {processor.py:161} INFO - Started process (PID=296) to work on /opt/airflow/dags/output_dags.py
[2026-09-15T10:26:08.056+0000] {processor.py:830} INFO - Processing file /opt/airflow/dags/output_dags.py for tasks to queue
[2026-09-15T10:26:08.058+0000] {logging_mixin.py:188} INFO - [2026-09-15T10:26:08.057+0000] {dagbag.py:545} INFO - Filling up the DagBag from /opt/airflow/dags/output_dags.py
[2026-09-15T10:26:08.069+0000] {logging_mixin.py:188} INFO - [2026-09-15T10:26:08.068+0000] {dagbag.py:355} ERROR - Failed to import: /opt/airflow/dags/output_dags.py
Traceback (most recent call last):
  File "/home/airflow/.local/lib/python3.12/site-packages/airflow/models/dagbag.py", line 351, in parse
    loader.exec_module(new_module)
  File "<frozen importlib._bootstrap_external>", line 991, in exec_module
  File "<frozen importlib._bootstrap_external>", line 1129, in get_code
  File "<frozen importlib._bootstrap_external>", line 1059, in source_to_code
  File "<frozen importlib._bootstrap>", line 488, in _call_with_frames_removed
  File "/opt/airflow/dags/output_dags.py", line 21
    
    ^
IndentationError: expected an indented block after 'with' statement on line 10
[2026-09-15T10:26:08.070+0000] {processor.py:842} WARNING - No viable dags retrieved from /opt/airflow/dags/output_dags.py
[2026-09-15T10:26:08.088+0000] {processor.py:183} INFO - Processing /opt/airflow/dags/output_dags.py took 0.038 seconds
[2026-09-15T10:26:38.307+0000] {processor.py:161} INFO - Started process (PID=304) to work on /opt/airflow/dags/output_dags.py
[2026-09-15T10:26:38.309+0000] {processor.py:830} INFO - Processing file /opt/airflow/dags/output_dags.py for tasks to queue
[2026-09-15T10:26:38.311+0000] {logging_mixin.py:188} INFO - [2026-09-15T10:26:38.311+0000] {dagbag.py:545} INFO - Filling up the DagBag from /opt/airflow/dags/output_dags.py
[2026-09-15T10:26:38.324+0000] {logging_mixin.py:188} INFO - [2026-09-15T10:26:38.323+0000] {dagbag.py:355} ERROR - Failed to import: /opt/airflow/dags/output_dags.py
Traceback (most recent call last):
  File "/home/airflow/.local/lib/python3.12/site-packages/airflow/models/dagbag.py", line 351, in parse
    loader.exec_module(new_module)
  File "<frozen importlib._bootstrap_external>", line 991, in exec_module
  File "<frozen importlib._bootstrap_external>", line 1129, in get_code
  File "<frozen importlib._bootstrap_external>", line 1059, in source_to_code
  File "<frozen importlib._bootstrap>", line 488, in _call_with_frames_removed
  File "/opt/airflow/dags/output_dags.py", line 21
    
    ^
IndentationError: expected an indented block after 'with' statement on line 10
[2026-09-15T10:26:38.324+0000] {processor.py:842} WARNING - No viable dags retrieved from /opt/airflow/dags/output_dags.py
[2026-09-15T10:26:38.341+0000] {processor.py:183} INFO - Processing /opt/airflow/dags/output_dags.py took 0.040 seconds
[2026-09-15T10:27:08.570+0000] {processor.py:161} INFO - Started process (PID=312) to work on /opt/airflow/dags/output_dags.py
[2026-09-15T10:27:08.571+0000] {processor.py:830} INFO - Processing file /opt/airflow/dags/output_dags.py for tasks to queue
[2026-09-15T10:27:08.574+0000] {logging_mixin.py:188} INFO - [2026-09-15T10:27:08.574+0000] {dagbag.py:545} INFO - Filling up the DagBag from /opt/airflow/dags/output_dags.py
[2026-09-15T10:27:08.587+0000] {logging_mixin.py:188} INFO - [2026-09-15T10:27:08.586+0000] {dagbag.py:355} ERROR - Failed to import: /opt/airflow/dags/output_dags.py
Traceback (most recent call last):
  File "/home/airflow/.local/lib/python3.12/site-packages/airflow/models/dagbag.py", line 351, in parse
    loader.exec_module(new_module)
  File "<frozen importlib._bootstrap_external>", line 991, in exec_module
  File "<frozen importlib._bootstrap_external>", line 1129, in get_code
  File "<frozen importlib._bootstrap_external>", line 1059, in source_to_code
  File "<frozen importlib._bootstrap>", line 488, in _call_with_frames_removed
  File "/opt/airflow/dags/output_dags.py", line 21
    
    ^
IndentationError: expected an indented block after 'with' statement on line 10
[2026-09-15T10:27:08.588+0000] {processor.py:842} WARNING - No viable dags retrieved from /opt/airflow/dags/output_dags.py
[2026-09-15T10:27:08.606+0000] {processor.py:183} INFO - Processing /opt/airflow/dags/output_dags.py took 0.042 seconds
[2026-09-15T10:27:38.833+0000] {processor.py:161} INFO - Started process (PID=320) to work on /opt/airflow/dags/output_dags.py
[2026-09-15T10:27:38.834+0000] {processor.py:830} INFO - Processing file /opt/airflow/dags/output_dags.py for tasks to queue
[2026-09-15T10:27:38.837+0000] {logging_mixin.py:188} INFO - [2026-09-15T10:27:38.836+0000] {dagbag.py:545} INFO - Filling up the DagBag from /opt/airflow/dags/output_dags.py
[2026-09-15T10:27:38.851+0000] {logging_mixin.py:188} INFO - [2026-09-15T10:27:38.850+0000] {dagbag.py:355} ERROR - Failed to import: /opt/airflow/dags/output_dags.py
Traceback (most recent call last):
  File "/home/airflow/.local/lib/python3.12/site-packages/airflow/models/dagbag.py", line 351, in parse
    loader.exec_module(new_module)
  File "<frozen importlib._bootstrap_external>", line 991, in exec_module
  File "<frozen importlib._bootstrap_external>", line 1129, in get_code
  File "<frozen importlib._bootstrap_external>", line 1059, in source_to_code
  File "<frozen importlib._bootstrap>", line 488, in _call_with_frames_removed
  File "/opt/airflow/dags/output_dags.py", line 21
    
    ^
IndentationError: expected an indented block after 'with' statement on line 10
[2026-09-15T10:27:38.852+0000] {processor.py:842} WARNING - No viable dags retrieved from /opt/airflow/dags/output_dags.py
[2026-09-15T10:27:38.879+0000] {processor.py:183} INFO - Processing /opt/airflow/dags/output_dags.py took 0.052 seconds
[2026-09-15T10:28:09.100+0000] {processor.py:161} INFO - Started process (PID=328) to work on /opt/airflow/dags/output_dags.py
[2026-09-15T10:28:09.101+0000] {processor.py:830} INFO - Processing file /opt/airflow/dags/output_dags.py for tasks to queue
[2026-09-15T10:28:09.102+0000] {logging_mixin.py:188} INFO - [2026-09-15T10:28:09.102+0000] {dagbag.py:545} INFO - Filling up the DagBag from /opt/airflow/dags/output_dags.py
[2026-09-15T10:28:09.114+0000] {logging_mixin.py:188} INFO - [2026-09-15T10:28:09.113+0000] {dagbag.py:355} ERROR - Failed to import: /opt/airflow/dags/output_dags.py
Traceback (most recent call last):
  File "/home/airflow/.local/lib/python3.12/site-packages/airflow/models/dagbag.py", line 351, in parse
    loader.exec_module(new_module)
  File "<frozen importlib._bootstrap_external>", line 991, in exec_module
  File "<frozen importlib._bootstrap_external>", line 1129, in get_code
  File "<frozen importlib._bootstrap_external>", line 1059, in source_to_code
  File "<frozen importlib._bootstrap>", line 488, in _call_with_frames_removed
  File "/opt/airflow/dags/output_dags.py", line 21
    
    ^
IndentationError: expected an indented block after 'with' statement on line 10
[2026-09-15T10:28:09.114+0000] {processor.py:842} WARNING - No viable dags retrieved from /opt/airflow/dags/output_dags.py
[2026-09-15T10:28:09.136+0000] {processor.py:183} INFO - Processing /opt/airflow/dags/output_dags.py took 0.040 seconds
[2026-09-15T10:28:39.353+0000] {processor.py:161} INFO - Started process (PID=336) to work on /opt/airflow/dags/output_dags.py
[2026-09-15T10:28:39.354+0000] {processor.py:830} INFO - Processing file /opt/airflow/dags/output_dags.py for tasks to queue
[2026-09-15T10:28:39.357+0000] {logging_mixin.py:188} INFO - [2026-09-15T10:28:39.357+0000] {dagbag.py:545} INFO - Filling up the DagBag from /opt/airflow/dags/output_dags.py
[2026-09-15T10:28:39.370+0000] {logging_mixin.py:188} INFO - [2026-09-15T10:28:39.369+0000] {dagbag.py:355} ERROR - Failed to import: /opt/airflow/dags/output_dags.py
Traceback (most recent call last):
  File "/home/airflow/.local/lib/python3.12/site-packages/airflow/models/dagbag.py", line 351, in parse
    loader.exec_module(new_module)
  File "<frozen importlib._bootstrap_external>", line 991, in exec_module
  File "<frozen importlib._bootstrap_external>", line 1129, in get_code
  File "<frozen importlib._bootstrap_external>", line 1059, in source_to_code
  File "<frozen importlib._bootstrap>", line 488, in _call_with_frames_removed
  File "/opt/airflow/dags/output_dags.py", line 21
    
    ^
IndentationError: expected an indented block after 'with' statement on line 10
[2026-09-15T10:28:39.371+0000] {processor.py:842} WARNING - No viable dags retrieved from /opt/airflow/dags/output_dags.py
[2026-09-15T10:28:39.392+0000] {processor.py:183} INFO - Processing /opt/airflow/dags/output_dags.py took 0.043 seconds
[2026-09-15T10:29:09.625+0000] {processor.py:161} INFO - Started process (PID=344) to work on /opt/airflow/dags/output_dags.py
[2026-09-15T10:29:09.627+0000] {processor.py:830} INFO - Processing file /opt/airflow/dags/output_dags.py for tasks to queue
[2026-09-15T10:29:09.630+0000] {logging_mixin.py:188} INFO - [2026-09-15T10:29:09.629+0000] {dagbag.py:545} INFO - Filling up the DagBag from /opt/airflow/dags/output_dags.py
[2026-09-15T10:29:09.643+0000] {logging_mixin.py:188} INFO - [2026-09-15T10:29:09.642+0000] {dagbag.py:355} ERROR - Failed to import: /opt/airflow/dags/output_dags.py
Traceback (most recent call last):
  File "/home/airflow/.local/lib/python3.12/site-packages/airflow/models/dagbag.py", line 351, in parse
    loader.exec_module(new_module)
  File "<frozen importlib._bootstrap_external>", line 991, in exec_module
  File "<frozen importlib._bootstrap_external>", line 1129, in get_code
  File "<frozen importlib._bootstrap_external>", line 1059, in source_to_code
  File "<frozen importlib._bootstrap>", line 488, in _call_with_frames_removed
  File "/opt/airflow/dags/output_dags.py", line 21
    
    ^
IndentationError: expected an indented block after 'with' statement on line 10
[2026-09-15T10:29:09.644+0000] {processor.py:842} WARNING - No viable dags retrieved from /opt/airflow/dags/output_dags.py
[2026-09-15T10:29:09.664+0000] {processor.py:183} INFO - Processing /opt/airflow/dags/output_dags.py took 0.045 seconds
[2026-09-15T10:29:39.878+0000] {processor.py:161} INFO - Started process (PID=352) to work on /opt/airflow/dags/output_dags.py
[2026-09-15T10:29:39.879+0000] {processor.py:830} INFO - Processing file /opt/airflow/dags/output_dags.py for tasks to queue
[2026-09-15T10:29:39.882+0000] {logging_mixin.py:188} INFO - [2026-09-15T10:29:39.882+0000] {dagbag.py:545} INFO - Filling up the DagBag from /opt/airflow/dags/output_dags.py
[2026-09-15T10:29:39.896+0000] {logging_mixin.py:188} INFO - [2026-09-15T10:29:39.895+0000] {dagbag.py:355} ERROR - Failed to import: /opt/airflow/dags/output_dags.py
Traceback (most recent call last):
  File "/home/airflow/.local/lib/python3.12/site-packages/airflow/models/dagbag.py", line 351, in parse
    loader.exec_module(new_module)
  File "<frozen importlib._bootstrap_external>", line 991, in exec_module
  File "<frozen importlib._bootstrap_external>", line 1129, in get_code
  File "<frozen importlib._bootstrap_external>", line 1059, in source_to_code
  File "<frozen importlib._bootstrap>", line 488, in _call_with_frames_removed
  File "/opt/airflow/dags/output_dags.py", line 21
    
    ^
IndentationError: expected an indented block after 'with' statement on line 10
[2026-09-15T10:29:39.897+0000] {processor.py:842} WARNING - No viable dags retrieved from /opt/airflow/dags/output_dags.py
[2026-09-15T10:29:39.923+0000] {processor.py:183} INFO - Processing /opt/airflow/dags/output_dags.py took 0.050 seconds
[2026-09-15T10:29:56.052+0000] {processor.py:161} INFO - Started process (PID=354) to work on /opt/airflow/dags/output_dags.py
[2026-09-15T10:29:56.053+0000] {processor.py:830} INFO - Processing file /opt/airflow/dags/output_dags.py for tasks to queue
[2026-09-15T10:29:56.055+0000] {logging_mixin.py:188} INFO - [2026-09-15T10:29:56.054+0000] {dagbag.py:545} INFO - Filling up the DagBag from /opt/airflow/dags/output_dags.py
[2026-09-15T10:29:56.067+0000] {logging_mixin.py:188} INFO - [2026-09-15T10:29:56.066+0000] {dagbag.py:355} ERROR - Failed to import: /opt/airflow/dags/output_dags.py
Traceback (most recent call last):
  File "/home/airflow/.local/lib/python3.12/site-packages/airflow/models/dagbag.py", line 351, in parse
    loader.exec_module(new_module)
  File "<frozen importlib._bootstrap_external>", line 991, in exec_module
  File "<frozen importlib._bootstrap_external>", line 1129, in get_code
  File "<frozen importlib._bootstrap_external>", line 1059, in source_to_code
  File "<frozen importlib._bootstrap>", line 488, in _call_with_frames_removed
  File "/opt/airflow/dags/output_dags.py", line 21
    
    ^
IndentationError: expected an indented block after 'with' statement on line 10
[2026-09-15T10:29:56.067+0000] {processor.py:842} WARNING - No viable dags retrieved from /opt/airflow/dags/output_dags.py
[2026-09-15T10:29:56.083+0000] {processor.py:183} INFO - Processing /opt/airflow/dags/output_dags.py took 0.037 seconds
[2026-09-15T10:30:26.294+0000] {processor.py:161} INFO - Started process (PID=362) to work on /opt/airflow/dags/output_dags.py
[2026-09-15T10:30:26.295+0000] {processor.py:830} INFO - Processing file /opt/airflow/dags/output_dags.py for tasks to queue
[2026-09-15T10:30:26.296+0000] {logging_mixin.py:188} INFO - [2026-09-15T10:30:26.296+0000] {dagbag.py:545} INFO - Filling up the DagBag from /opt/airflow/dags/output_dags.py
[2026-09-15T10:30:26.309+0000] {logging_mixin.py:188} INFO - [2026-09-15T10:30:26.308+0000] {dagbag.py:355} ERROR - Failed to import: /opt/airflow/dags/output_dags.py
Traceback (most recent call last):
  File "/home/airflow/.local/lib/python3.12/site-packages/airflow/models/dagbag.py", line 351, in parse
    loader.exec_module(new_module)
  File "<frozen importlib._bootstrap_external>", line 991, in exec_module
  File "<frozen importlib._bootstrap_external>", line 1129, in get_code
  File "<frozen importlib._bootstrap_external>", line 1059, in source_to_code
  File "<frozen importlib._bootstrap>", line 488, in _call_with_frames_removed
  File "/opt/airflow/dags/output_dags.py", line 21
    
    ^
IndentationError: expected an indented block after 'with' statement on line 10
[2026-09-15T10:30:26.310+0000] {processor.py:842} WARNING - No viable dags retrieved from /opt/airflow/dags/output_dags.py
[2026-09-15T10:30:26.333+0000] {processor.py:183} INFO - Processing /opt/airflow/dags/output_dags.py took 0.043 seconds
[2026-09-15T10:30:56.551+0000] {processor.py:161} INFO - Started process (PID=370) to work on /opt/airflow/dags/output_dags.py
[2026-09-15T10:30:56.552+0000] {processor.py:830} INFO - Processing file /opt/airflow/dags/output_dags.py for tasks to queue
[2026-09-15T10:30:56.554+0000] {logging_mixin.py:188} INFO - [2026-09-15T10:30:56.554+0000] {dagbag.py:545} INFO - Filling up the DagBag from /opt/airflow/dags/output_dags.py
[2026-09-15T10:30:56.569+0000] {logging_mixin.py:188} INFO - [2026-09-15T10:30:56.568+0000] {dagbag.py:355} ERROR - Failed to import: /opt/airflow/dags/output_dags.py
Traceback (most recent call last):
  File "/home/airflow/.local/lib/python3.12/site-packages/airflow/models/dagbag.py", line 351, in parse
    loader.exec_module(new_module)
  File "<frozen importlib._bootstrap_external>", line 991, in exec_module
  File "<frozen importlib._bootstrap_external>", line 1129, in get_code
  File "<frozen importlib._bootstrap_external>", line 1059, in source_to_code
  File "<frozen importlib._bootstrap>", line 488, in _call_with_frames_removed
  File "/opt/airflow/dags/output_dags.py", line 21
    
    ^
IndentationError: expected an indented block after 'with' statement on line 10
[2026-09-15T10:30:56.569+0000] {processor.py:842} WARNING - No viable dags retrieved from /opt/airflow/dags/output_dags.py
[2026-09-15T10:30:56.587+0000] {processor.py:183} INFO - Processing /opt/airflow/dags/output_dags.py took 0.042 seconds
[2026-09-15T10:31:26.827+0000] {processor.py:161} INFO - Started process (PID=378) to work on /opt/airflow/dags/output_dags.py
[2026-09-15T10:31:26.828+0000] {processor.py:830} INFO - Processing file /opt/airflow/dags/output_dags.py for tasks to queue
[2026-09-15T10:31:26.829+0000] {logging_mixin.py:188} INFO - [2026-09-15T10:31:26.829+0000] {dagbag.py:545} INFO - Filling up the DagBag from /opt/airflow/dags/output_dags.py
[2026-09-15T10:31:26.841+0000] {logging_mixin.py:188} INFO - [2026-09-15T10:31:26.840+0000] {dagbag.py:355} ERROR - Failed to import: /opt/airflow/dags/output_dags.py
Traceback (most recent call last):
  File "/home/airflow/.local/lib/python3.12/site-packages/airflow/models/dagbag.py", line 351, in parse
    loader.exec_module(new_module)
  File "<frozen importlib._bootstrap_external>", line 991, in exec_module
  File "<frozen importlib._bootstrap_external>", line 1129, in get_code
  File "<frozen importlib._bootstrap_external>", line 1059, in source_to_code
  File "<frozen importlib._bootstrap>", line 488, in _call_with_frames_removed
  File "/opt/airflow/dags/output_dags.py", line 21
    
    ^
IndentationError: expected an indented block after 'with' statement on line 10
[2026-09-15T10:31:26.842+0000] {processor.py:842} WARNING - No viable dags retrieved from /opt/airflow/dags/output_dags.py
[2026-09-15T10:31:26.861+0000] {processor.py:183} INFO - Processing /opt/airflow/dags/output_dags.py took 0.039 seconds
[2026-09-15T10:31:57.071+0000] {processor.py:161} INFO - Started process (PID=386) to work on /opt/airflow/dags/output_dags.py
[2026-09-15T10:31:57.072+0000] {processor.py:830} INFO - Processing file /opt/airflow/dags/output_dags.py for tasks to queue
[2026-09-15T10:31:57.075+0000] {logging_mixin.py:188} INFO - [2026-09-15T10:31:57.075+0000] {dagbag.py:545} INFO - Filling up the DagBag from /opt/airflow/dags/output_dags.py
[2026-09-15T10:31:57.090+0000] {logging_mixin.py:188} INFO - [2026-09-15T10:31:57.089+0000] {dagbag.py:355} ERROR - Failed to import: /opt/airflow/dags/output_dags.py
Traceback (most recent call last):
  File "/home/airflow/.local/lib/python3.12/site-packages/airflow/models/dagbag.py", line 351, in parse
    loader.exec_module(new_module)
  File "<frozen importlib._bootstrap_external>", line 991, in exec_module
  File "<frozen importlib._bootstrap_external>", line 1129, in get_code
  File "<frozen importlib._bootstrap_external>", line 1059, in source_to_code
  File "<frozen importlib._bootstrap>", line 488, in _call_with_frames_removed
  File "/opt/airflow/dags/output_dags.py", line 21
    
    ^
IndentationError: expected an indented block after 'with' statement on line 10
[2026-09-15T10:31:57.091+0000] {processor.py:842} WARNING - No viable dags retrieved from /opt/airflow/dags/output_dags.py
[2026-09-15T10:31:57.115+0000] {processor.py:183} INFO - Processing /opt/airflow/dags/output_dags.py took 0.049 seconds
[2026-09-15T10:32:27.320+0000] {processor.py:161} INFO - Started process (PID=394) to work on /opt/airflow/dags/output_dags.py
[2026-09-15T10:32:27.321+0000] {processor.py:830} INFO - Processing file /opt/airflow/dags/output_dags.py for tasks to queue
[2026-09-15T10:32:27.323+0000] {logging_mixin.py:188} INFO - [2026-09-15T10:32:27.323+0000] {dagbag.py:545} INFO - Filling up the DagBag from /opt/airflow/dags/output_dags.py
[2026-09-15T10:32:27.335+0000] {logging_mixin.py:188} INFO - [2026-09-15T10:32:27.334+0000] {dagbag.py:355} ERROR - Failed to import: /opt/airflow/dags/output_dags.py
Traceback (most recent call last):
  File "/home/airflow/.local/lib/python3.12/site-packages/airflow/models/dagbag.py", line 351, in parse
    loader.exec_module(new_module)
  File "<frozen importlib._bootstrap_external>", line 991, in exec_module
  File "<frozen importlib._bootstrap_external>", line 1129, in get_code
  File "<frozen importlib._bootstrap_external>", line 1059, in source_to_code
  File "<frozen importlib._bootstrap>", line 488, in _call_with_frames_removed
  File "/opt/airflow/dags/output_dags.py", line 21
    
    ^
IndentationError: expected an indented block after 'with' statement on line 10
[2026-09-15T10:32:27.336+0000] {processor.py:842} WARNING - No viable dags retrieved from /opt/airflow/dags/output_dags.py
[2026-09-15T10:32:27.357+0000] {processor.py:183} INFO - Processing /opt/airflow/dags/output_dags.py took 0.042 seconds
[2026-09-15T10:32:57.572+0000] {processor.py:161} INFO - Started process (PID=402) to work on /opt/airflow/dags/output_dags.py
[2026-09-15T10:32:57.573+0000] {processor.py:830} INFO - Processing file /opt/airflow/dags/output_dags.py for tasks to queue
[2026-09-15T10:32:57.575+0000] {logging_mixin.py:188} INFO - [2026-09-15T10:32:57.575+0000] {dagbag.py:545} INFO - Filling up the DagBag from /opt/airflow/dags/output_dags.py
[2026-09-15T10:32:57.587+0000] {logging_mixin.py:188} INFO - [2026-09-15T10:32:57.586+0000] {dagbag.py:355} ERROR - Failed to import: /opt/airflow/dags/output_dags.py
Traceback (most recent call last):
  File "/home/airflow/.local/lib/python3.12/site-packages/airflow/models/dagbag.py", line 351, in parse
    loader.exec_module(new_module)
  File "<frozen importlib._bootstrap_external>", line 991, in exec_module
  File "<frozen importlib._bootstrap_external>", line 1129, in get_code
  File "<frozen importlib._bootstrap_external>", line 1059, in source_to_code
  File "<frozen importlib._bootstrap>", line 488, in _call_with_frames_removed
  File "/opt/airflow/dags/output_dags.py", line 21
    
    ^
IndentationError: expected an indented block after 'with' statement on line 10
[2026-09-15T10:32:57.587+0000] {processor.py:842} WARNING - No viable dags retrieved from /opt/airflow/dags/output_dags.py
[2026-09-15T10:32:57.604+0000] {processor.py:183} INFO - Processing /opt/airflow/dags/output_dags.py took 0.038 seconds
[2026-09-15T10:33:27.827+0000] {processor.py:161} INFO - Started process (PID=410) to work on /opt/airflow/dags/output_dags.py
[2026-09-15T10:33:27.828+0000] {processor.py:830} INFO - Processing file /opt/airflow/dags/output_dags.py for tasks to queue
[2026-09-15T10:33:27.830+0000] {logging_mixin.py:188} INFO - [2026-09-15T10:33:27.830+0000] {dagbag.py:545} INFO - Filling up the DagBag from /opt/airflow/dags/output_dags.py
[2026-09-15T10:33:27.842+0000] {logging_mixin.py:188} INFO - [2026-09-15T10:33:27.842+0000] {dagbag.py:355} ERROR - Failed to import: /opt/airflow/dags/output_dags.py
Traceback (most recent call last):
  File "/home/airflow/.local/lib/python3.12/site-packages/airflow/models/dagbag.py", line 351, in parse
    loader.exec_module(new_module)
  File "<frozen importlib._bootstrap_external>", line 991, in exec_module
  File "<frozen importlib._bootstrap_external>", line 1129, in get_code
  File "<frozen importlib._bootstrap_external>", line 1059, in source_to_code
  File "<frozen importlib._bootstrap>", line 488, in _call_with_frames_removed
  File "/opt/airflow/dags/output_dags.py", line 21
    
    ^
IndentationError: expected an indented block after 'with' statement on line 10
[2026-09-15T10:33:27.843+0000] {processor.py:842} WARNING - No viable dags retrieved from /opt/airflow/dags/output_dags.py
[2026-09-15T10:33:27.859+0000] {processor.py:183} INFO - Processing /opt/airflow/dags/output_dags.py took 0.037 seconds
[2026-09-15T10:33:58.077+0000] {processor.py:161} INFO - Started process (PID=418) to work on /opt/airflow/dags/output_dags.py
[2026-09-15T10:33:58.078+0000] {processor.py:830} INFO - Processing file /opt/airflow/dags/output_dags.py for tasks to queue
[2026-09-15T10:33:58.081+0000] {logging_mixin.py:188} INFO - [2026-09-15T10:33:58.081+0000] {dagbag.py:545} INFO - Filling up the DagBag from /opt/airflow/dags/output_dags.py
[2026-09-15T10:33:58.093+0000] {logging_mixin.py:188} INFO - [2026-09-15T10:33:58.092+0000] {dagbag.py:355} ERROR - Failed to import: /opt/airflow/dags/output_dags.py
Traceback (most recent call last):
  File "/home/airflow/.local/lib/python3.12/site-packages/airflow/models/dagbag.py", line 351, in parse
    loader.exec_module(new_module)
  File "<frozen importlib._bootstrap_external>", line 991, in exec_module
  File "<frozen importlib._bootstrap_external>", line 1129, in get_code
  File "<frozen importlib._bootstrap_external>", line 1059, in source_to_code
  File "<frozen importlib._bootstrap>", line 488, in _call_with_frames_removed
  File "/opt/airflow/dags/output_dags.py", line 21
    
    ^
IndentationError: expected an indented block after 'with' statement on line 10
[2026-09-15T10:33:58.094+0000] {processor.py:842} WARNING - No viable dags retrieved from /opt/airflow/dags/output_dags.py
[2026-09-15T10:33:58.115+0000] {processor.py:183} INFO - Processing /opt/airflow/dags/output_dags.py took 0.043 seconds
[2026-09-15T10:34:28.334+0000] {processor.py:161} INFO - Started process (PID=426) to work on /opt/airflow/dags/output_dags.py
[2026-09-15T10:34:28.335+0000] {processor.py:830} INFO - Processing file /opt/airflow/dags/output_dags.py for tasks to queue
[2026-09-15T10:34:28.337+0000] {logging_mixin.py:188} INFO - [2026-09-15T10:34:28.336+0000] {dagbag.py:545} INFO - Filling up the DagBag from /opt/airflow/dags/output_dags.py
[2026-09-15T10:34:28.351+0000] {logging_mixin.py:188} INFO - [2026-09-15T10:34:28.350+0000] {dagbag.py:355} ERROR - Failed to import: /opt/airflow/dags/output_dags.py
Traceback (most recent call last):
  File "/home/airflow/.local/lib/python3.12/site-packages/airflow/models/dagbag.py", line 351, in parse
    loader.exec_module(new_module)
  File "<frozen importlib._bootstrap_external>", line 991, in exec_module
  File "<frozen importlib._bootstrap_external>", line 1129, in get_code
  File "<frozen importlib._bootstrap_external>", line 1059, in source_to_code
  File "<frozen importlib._bootstrap>", line 488, in _call_with_frames_removed
  File "/opt/airflow/dags/output_dags.py", line 21
    
    ^
IndentationError: expected an indented block after 'with' statement on line 10
[2026-09-15T10:34:28.352+0000] {processor.py:842} WARNING - No viable dags retrieved from /opt/airflow/dags/output_dags.py
[2026-09-15T10:34:28.375+0000] {processor.py:183} INFO - Processing /opt/airflow/dags/output_dags.py took 0.046 seconds
[2026-09-15T10:34:58.594+0000] {processor.py:161} INFO - Started process (PID=434) to work on /opt/airflow/dags/output_dags.py
[2026-09-15T10:34:58.595+0000] {processor.py:830} INFO - Processing file /opt/airflow/dags/output_dags.py for tasks to queue
[2026-09-15T10:34:58.596+0000] {logging_mixin.py:188} INFO - [2026-09-15T10:34:58.596+0000] {dagbag.py:545} INFO - Filling up the DagBag from /opt/airflow/dags/output_dags.py
[2026-09-15T10:34:58.612+0000] {logging_mixin.py:188} INFO - [2026-09-15T10:34:58.611+0000] {dagbag.py:355} ERROR - Failed to import: /opt/airflow/dags/output_dags.py
Traceback (most recent call last):
  File "/home/airflow/.local/lib/python3.12/site-packages/airflow/models/dagbag.py", line 351, in parse
    loader.exec_module(new_module)
  File "<frozen importlib._bootstrap_external>", line 991, in exec_module
  File "<frozen importlib._bootstrap_external>", line 1129, in get_code
  File "<frozen importlib._bootstrap_external>", line 1059, in source_to_code
  File "<frozen importlib._bootstrap>", line 488, in _call_with_frames_removed
  File "/opt/airflow/dags/output_dags.py", line 21
    
    ^
IndentationError: expected an indented block after 'with' statement on line 10
[2026-09-15T10:34:58.613+0000] {processor.py:842} WARNING - No viable dags retrieved from /opt/airflow/dags/output_dags.py
[2026-09-15T10:34:58.644+0000] {processor.py:183} INFO - Processing /opt/airflow/dags/output_dags.py took 0.055 seconds
[2026-09-15T10:35:28.871+0000] {processor.py:161} INFO - Started process (PID=442) to work on /opt/airflow/dags/output_dags.py
[2026-09-15T10:35:28.873+0000] {processor.py:830} INFO - Processing file /opt/airflow/dags/output_dags.py for tasks to queue
[2026-09-15T10:35:28.875+0000] {logging_mixin.py:188} INFO - [2026-09-15T10:35:28.874+0000] {dagbag.py:545} INFO - Filling up the DagBag from /opt/airflow/dags/output_dags.py
[2026-09-15T10:35:28.888+0000] {logging_mixin.py:188} INFO - [2026-09-15T10:35:28.887+0000] {dagbag.py:355} ERROR - Failed to import: /opt/airflow/dags/output_dags.py
Traceback (most recent call last):
  File "/home/airflow/.local/lib/python3.12/site-packages/airflow/models/dagbag.py", line 351, in parse
    loader.exec_module(new_module)
  File "<frozen importlib._bootstrap_external>", line 991, in exec_module
  File "<frozen importlib._bootstrap_external>", line 1129, in get_code
  File "<frozen importlib._bootstrap_external>", line 1059, in source_to_code
  File "<frozen importlib._bootstrap>", line 488, in _call_with_frames_removed
  File "/opt/airflow/dags/output_dags.py", line 21
    
    ^
IndentationError: expected an indented block after 'with' statement on line 10
[2026-09-15T10:35:28.889+0000] {processor.py:842} WARNING - No viable dags retrieved from /opt/airflow/dags/output_dags.py
[2026-09-15T10:35:28.912+0000] {processor.py:183} INFO - Processing /opt/airflow/dags/output_dags.py took 0.045 seconds
[2026-09-15T10:35:32.022+0000] {processor.py:161} INFO - Started process (PID=444) to work on /opt/airflow/dags/output_dags.py
[2026-09-15T10:35:32.023+0000] {processor.py:830} INFO - Processing file /opt/airflow/dags/output_dags.py for tasks to queue
[2026-09-15T10:35:32.025+0000] {logging_mixin.py:188} INFO - [2026-09-15T10:35:32.025+0000] {dagbag.py:545} INFO - Filling up the DagBag from /opt/airflow/dags/output_dags.py
[2026-09-15T10:35:32.038+0000] {logging_mixin.py:188} INFO - [2026-09-15T10:35:32.037+0000] {dagbag.py:355} ERROR - Failed to import: /opt/airflow/dags/output_dags.py
Traceback (most recent call last):
  File "/home/airflow/.local/lib/python3.12/site-packages/airflow/models/dagbag.py", line 351, in parse
    loader.exec_module(new_module)
  File "<frozen importlib._bootstrap_external>", line 991, in exec_module
  File "<frozen importlib._bootstrap_external>", line 1129, in get_code
  File "<frozen importlib._bootstrap_external>", line 1059, in source_to_code
  File "<frozen importlib._bootstrap>", line 488, in _call_with_frames_removed
  File "/opt/airflow/dags/output_dags.py", line 21
    
    ^
IndentationError: expected an indented block after 'with' statement on line 10
[2026-09-15T10:35:32.039+0000] {processor.py:842} WARNING - No viable dags retrieved from /opt/airflow/dags/output_dags.py
[2026-09-15T10:35:32.059+0000] {processor.py:183} INFO - Processing /opt/airflow/dags/output_dags.py took 0.042 seconds
[2026-09-15T10:36:02.289+0000] {processor.py:161} INFO - Started process (PID=452) to work on /opt/airflow/dags/output_dags.py
[2026-09-15T10:36:02.292+0000] {processor.py:830} INFO - Processing file /opt/airflow/dags/output_dags.py for tasks to queue
[2026-09-15T10:36:02.298+0000] {logging_mixin.py:188} INFO - [2026-09-15T10:36:02.297+0000] {dagbag.py:545} INFO - Filling up the DagBag from /opt/airflow/dags/output_dags.py
[2026-09-15T10:36:02.321+0000] {logging_mixin.py:188} INFO - [2026-09-15T10:36:02.320+0000] {dagbag.py:355} ERROR - Failed to import: /opt/airflow/dags/output_dags.py
Traceback (most recent call last):
  File "/home/airflow/.local/lib/python3.12/site-packages/airflow/models/dagbag.py", line 351, in parse
    loader.exec_module(new_module)
  File "<frozen importlib._bootstrap_external>", line 991, in exec_module
  File "<frozen importlib._bootstrap_external>", line 1129, in get_code
  File "<frozen importlib._bootstrap_external>", line 1059, in source_to_code
  File "<frozen importlib._bootstrap>", line 488, in _call_with_frames_removed
  File "/opt/airflow/dags/output_dags.py", line 21
    
    ^
IndentationError: expected an indented block after 'with' statement on line 10
[2026-09-15T10:36:02.323+0000] {processor.py:842} WARNING - No viable dags retrieved from /opt/airflow/dags/output_dags.py
[2026-09-15T10:36:02.353+0000] {processor.py:183} INFO - Processing /opt/airflow/dags/output_dags.py took 0.075 seconds
[2026-09-15T10:36:32.596+0000] {processor.py:161} INFO - Started process (PID=460) to work on /opt/airflow/dags/output_dags.py
[2026-09-15T10:36:32.598+0000] {processor.py:830} INFO - Processing file /opt/airflow/dags/output_dags.py for tasks to queue
[2026-09-15T10:36:32.600+0000] {logging_mixin.py:188} INFO - [2026-09-15T10:36:32.600+0000] {dagbag.py:545} INFO - Filling up the DagBag from /opt/airflow/dags/output_dags.py
[2026-09-15T10:36:32.614+0000] {logging_mixin.py:188} INFO - [2026-09-15T10:36:32.612+0000] {dagbag.py:355} ERROR - Failed to import: /opt/airflow/dags/output_dags.py
Traceback (most recent call last):
  File "/home/airflow/.local/lib/python3.12/site-packages/airflow/models/dagbag.py", line 351, in parse
    loader.exec_module(new_module)
  File "<frozen importlib._bootstrap_external>", line 991, in exec_module
  File "<frozen importlib._bootstrap_external>", line 1129, in get_code
  File "<frozen importlib._bootstrap_external>", line 1059, in source_to_code
  File "<frozen importlib._bootstrap>", line 488, in _call_with_frames_removed
  File "/opt/airflow/dags/output_dags.py", line 21
    
    ^
IndentationError: expected an indented block after 'with' statement on line 10
[2026-09-15T10:36:32.614+0000] {processor.py:842} WARNING - No viable dags retrieved from /opt/airflow/dags/output_dags.py
[2026-09-15T10:36:32.635+0000] {processor.py:183} INFO - Processing /opt/airflow/dags/output_dags.py took 0.045 seconds
[2026-09-15T10:37:02.847+0000] {processor.py:161} INFO - Started process (PID=468) to work on /opt/airflow/dags/output_dags.py
[2026-09-15T10:37:02.848+0000] {processor.py:830} INFO - Processing file /opt/airflow/dags/output_dags.py for tasks to queue
[2026-09-15T10:37:02.850+0000] {logging_mixin.py:188} INFO - [2026-09-15T10:37:02.850+0000] {dagbag.py:545} INFO - Filling up the DagBag from /opt/airflow/dags/output_dags.py
[2026-09-15T10:37:02.864+0000] {logging_mixin.py:188} INFO - [2026-09-15T10:37:02.863+0000] {dagbag.py:355} ERROR - Failed to import: /opt/airflow/dags/output_dags.py
Traceback (most recent call last):
  File "/home/airflow/.local/lib/python3.12/site-packages/airflow/models/dagbag.py", line 351, in parse
    loader.exec_module(new_module)
  File "<frozen importlib._bootstrap_external>", line 991, in exec_module
  File "<frozen importlib._bootstrap_external>", line 1129, in get_code
  File "<frozen importlib._bootstrap_external>", line 1059, in source_to_code
  File "<frozen importlib._bootstrap>", line 488, in _call_with_frames_removed
  File "/opt/airflow/dags/output_dags.py", line 21
    
    ^
IndentationError: expected an indented block after 'with' statement on line 10
[2026-09-15T10:37:02.865+0000] {processor.py:842} WARNING - No viable dags retrieved from /opt/airflow/dags/output_dags.py
[2026-09-15T10:37:02.881+0000] {processor.py:183} INFO - Processing /opt/airflow/dags/output_dags.py took 0.038 seconds
[2026-09-15T10:37:33.112+0000] {processor.py:161} INFO - Started process (PID=476) to work on /opt/airflow/dags/output_dags.py
[2026-09-15T10:37:33.114+0000] {processor.py:830} INFO - Processing file /opt/airflow/dags/output_dags.py for tasks to queue
[2026-09-15T10:37:33.117+0000] {logging_mixin.py:188} INFO - [2026-09-15T10:37:33.116+0000] {dagbag.py:545} INFO - Filling up the DagBag from /opt/airflow/dags/output_dags.py
[2026-09-15T10:37:33.129+0000] {logging_mixin.py:188} INFO - [2026-09-15T10:37:33.128+0000] {dagbag.py:355} ERROR - Failed to import: /opt/airflow/dags/output_dags.py
Traceback (most recent call last):
  File "/home/airflow/.local/lib/python3.12/site-packages/airflow/models/dagbag.py", line 351, in parse
    loader.exec_module(new_module)
  File "<frozen importlib._bootstrap_external>", line 991, in exec_module
  File "<frozen importlib._bootstrap_external>", line 1129, in get_code
  File "<frozen importlib._bootstrap_external>", line 1059, in source_to_code
  File "<frozen importlib._bootstrap>", line 488, in _call_with_frames_removed
  File "/opt/airflow/dags/output_dags.py", line 21
    
    ^
IndentationError: expected an indented block after 'with' statement on line 10
[2026-09-15T10:37:33.130+0000] {processor.py:842} WARNING - No viable dags retrieved from /opt/airflow/dags/output_dags.py
[2026-09-15T10:37:33.154+0000] {processor.py:183} INFO - Processing /opt/airflow/dags/output_dags.py took 0.048 seconds
[2026-09-15T10:38:03.375+0000] {processor.py:161} INFO - Started process (PID=490) to work on /opt/airflow/dags/output_dags.py
[2026-09-15T10:38:03.377+0000] {processor.py:830} INFO - Processing file /opt/airflow/dags/output_dags.py for tasks to queue
[2026-09-15T10:38:03.380+0000] {logging_mixin.py:188} INFO - [2026-09-15T10:38:03.379+0000] {dagbag.py:545} INFO - Filling up the DagBag from /opt/airflow/dags/output_dags.py
[2026-09-15T10:38:03.393+0000] {logging_mixin.py:188} INFO - [2026-09-15T10:38:03.391+0000] {dagbag.py:355} ERROR - Failed to import: /opt/airflow/dags/output_dags.py
Traceback (most recent call last):
  File "/home/airflow/.local/lib/python3.12/site-packages/airflow/models/dagbag.py", line 351, in parse
    loader.exec_module(new_module)
  File "<frozen importlib._bootstrap_external>", line 991, in exec_module
  File "<frozen importlib._bootstrap_external>", line 1129, in get_code
  File "<frozen importlib._bootstrap_external>", line 1059, in source_to_code
  File "<frozen importlib._bootstrap>", line 488, in _call_with_frames_removed
  File "/opt/airflow/dags/output_dags.py", line 21
    
    ^
IndentationError: expected an indented block after 'with' statement on line 10
[2026-09-15T10:38:03.393+0000] {processor.py:842} WARNING - No viable dags retrieved from /opt/airflow/dags/output_dags.py
[2026-09-15T10:38:03.415+0000] {processor.py:183} INFO - Processing /opt/airflow/dags/output_dags.py took 0.045 seconds
[2026-09-15T10:38:33.640+0000] {processor.py:161} INFO - Started process (PID=498) to work on /opt/airflow/dags/output_dags.py
[2026-09-15T10:38:33.641+0000] {processor.py:830} INFO - Processing file /opt/airflow/dags/output_dags.py for tasks to queue
[2026-09-15T10:38:33.645+0000] {logging_mixin.py:188} INFO - [2026-09-15T10:38:33.644+0000] {dagbag.py:545} INFO - Filling up the DagBag from /opt/airflow/dags/output_dags.py
[2026-09-15T10:38:33.658+0000] {logging_mixin.py:188} INFO - [2026-09-15T10:38:33.658+0000] {dagbag.py:355} ERROR - Failed to import: /opt/airflow/dags/output_dags.py
Traceback (most recent call last):
  File "/home/airflow/.local/lib/python3.12/site-packages/airflow/models/dagbag.py", line 351, in parse
    loader.exec_module(new_module)
  File "<frozen importlib._bootstrap_external>", line 991, in exec_module
  File "<frozen importlib._bootstrap_external>", line 1129, in get_code
  File "<frozen importlib._bootstrap_external>", line 1059, in source_to_code
  File "<frozen importlib._bootstrap>", line 488, in _call_with_frames_removed
  File "/opt/airflow/dags/output_dags.py", line 21
    
    ^
IndentationError: expected an indented block after 'with' statement on line 10
[2026-09-15T10:38:33.659+0000] {processor.py:842} WARNING - No viable dags retrieved from /opt/airflow/dags/output_dags.py
[2026-09-15T10:38:33.675+0000] {processor.py:183} INFO - Processing /opt/airflow/dags/output_dags.py took 0.041 seconds
