[2026-09-15T10:33:08.062+0000] {local_task_job_runner.py:120} INFO - ::group::Pre task execution logs
[2026-09-15T10:33:08.084+0000] {taskinstance.py:2076} INFO - Dependencies all met for dep_context=non-requeueable deps ti=<TaskInstance: daily_report.sql_task_2 manual__2026-09-15T10:33:03.272974+00:00 [queued]>
[2026-09-15T10:33:08.090+0000] {taskinstance.py:2076} INFO - Dependencies all met for dep_context=requeueable deps ti=<TaskInstance: daily_report.sql_task_2 manual__2026-09-15T10:33:03.272974+00:00 [queued]>
[2026-09-15T10:33:08.091+0000] {taskinstance.py:2306} INFO - Starting attempt 1 of 1
[2026-09-15T10:33:08.102+0000] {taskinstance.py:2330} INFO - Executing <Task(SQLExecuteQueryOperator): sql_task_2> on 2026-09-15 10:33:03.272974+00:00
[2026-09-15T10:33:08.108+0000] {warnings.py:112} WARNING - /home/***/.local/lib/python3.12/site-packages/***/task/task_runner/standard_task_runner.py:61: DeprecationWarning: This process (pid=403) is multi-threaded, use of fork() may lead to deadlocks in the child.
  pid = os.fork()

[2026-09-15T10:33:08.110+0000] {standard_task_runner.py:90} INFO - Running: ['***', 'tasks', 'run', 'daily_report', 'sql_task_2', 'manual__2026-09-15T10:33:03.272974+00:00', '--job-id', '24', '--raw', '--subdir', 'DAGS_FOLDER/daily_report.py', '--cfg-path', '/tmp/tmp0zb85q56']
[2026-09-15T10:33:08.110+0000] {standard_task_runner.py:63} INFO - Started process 404 to run task
[2026-09-15T10:33:08.111+0000] {standard_task_runner.py:91} INFO - Job 24: Subtask sql_task_2
[2026-09-15T10:33:08.149+0000] {task_command.py:426} INFO - Running <TaskInstance: daily_report.sql_task_2 manual__2026-09-15T10:33:03.272974+00:00 [running]> on host 0940c83ac72f
[2026-09-15T10:33:08.220+0000] {taskinstance.py:2648} INFO - Exporting env vars: AIRFLOW_CTX_DAG_OWNER='***' AIRFLOW_CTX_DAG_ID='daily_report' AIRFLOW_CTX_TASK_ID='sql_task_2' AIRFLOW_CTX_EXECUTION_DATE='2026-09-15T10:33:03.272974+00:00' AIRFLOW_CTX_TRY_NUMBER='1' AIRFLOW_CTX_DAG_RUN_ID='manual__2026-09-15T10:33:03.272974+00:00'
[2026-09-15T10:33:08.222+0000] {taskinstance.py:430} INFO - ::endgroup::
[2026-09-15T10:33:08.232+0000] {sql.py:276} INFO - Executing: CREATE TABLE daily_sales AS
SELECT DATE(order_date) AS day, SUM(amount) AS total
FROM orders
GROUP BY DATE(order_date)
[2026-09-15T10:33:08.240+0000] {base.py:84} INFO - Using connection ID 'transform' for task execution.
[2026-09-15T10:33:08.248+0000] {base.py:84} INFO - Using connection ID 'transform' for task execution.
[2026-09-15T10:33:08.252+0000] {sql.py:487} INFO - Running statement: CREATE TABLE daily_sales AS
SELECT DATE(order_date) AS day, SUM(amount) AS total
FROM orders
GROUP BY DATE(order_date), parameters: None
[2026-09-15T10:33:08.260+0000] {sql.py:496} INFO - Rows affected: 2
[2026-09-15T10:33:08.263+0000] {taskinstance.py:441} INFO - ::group::Post task execution logs
[2026-09-15T10:33:08.271+0000] {taskinstance.py:1206} INFO - Marking task as SUCCESS. dag_id=daily_report, task_id=sql_task_2, run_id=manual__2026-09-15T10:33:03.272974+00:00, execution_date=20260915T103303, start_date=20260915T103308, end_date=20260915T103308
[2026-09-15T10:33:08.325+0000] {local_task_job_runner.py:240} INFO - Task exited with return code 0
[2026-09-15T10:33:08.338+0000] {taskinstance.py:3503} INFO - 0 downstream tasks scheduled from follow-on schedule check
[2026-09-15T10:33:08.341+0000] {local_task_job_runner.py:222} INFO - ::endgroup::
