[2026-09-15T10:11:00.151+0000] {manager.py:470} INFO - Processing files using up to 2 processes at a time 
[2026-09-15T10:11:00.152+0000] {manager.py:471} INFO - Process each file at most once every 30 seconds
[2026-09-15T10:11:00.153+0000] {manager.py:472} INFO - Checking for new files in /opt/airflow/dags every 300 seconds
[2026-09-15T10:11:00.154+0000] {manager.py:737} INFO - Searching for files in /opt/airflow/dags
[2026-09-15T10:11:00.170+0000] {manager.py:740} INFO - There are 2 files in /opt/airflow/dags
[2026-09-15T10:11:00.367+0000] {manager.py:878} INFO - 
================================================================================
DAG File Processing Stats

File Path                            PID  Runtime      # DAGs    # Errors  Last Runtime    Last Run
---------------------------------  -----  ---------  --------  ----------  --------------  -------------------
/opt/airflow/dags/output_dags.py                            0           1  0.11s           2026-09-15T10:11:00
/opt/airflow/dags/daily_report.py     51  0.05s             0           0
================================================================================
[2026-09-15T10:11:30.555+0000] {manager.py:878} INFO - 
================================================================================
DAG File Processing Stats

File Path                            PID  Runtime      # DAGs    # Errors  Last Runtime    Last Run
---------------------------------  -----  ---------  --------  ----------  --------------  -------------------
/opt/airflow/dags/daily_report.py                           1           0  0.39s           2026-09-15T10:11:00
/opt/airflow/dags/output_dags.py      58  0.01s             0           1  0.11s           2026-09-15T10:11:00
================================================================================
[2026-09-15T10:12:00.812+0000] {manager.py:878} INFO - 
================================================================================
DAG File Processing Stats

File Path                            PID  Runtime      # DAGs    # Errors  Last Runtime    Last Run
---------------------------------  -----  ---------  --------  ----------  --------------  -------------------
/opt/airflow/dags/daily_report.py                           1           0  0.11s           2026-09-15T10:11:31
/opt/airflow/dags/output_dags.py      66  0.00s             0           1  0.07s           2026-09-15T10:11:30
================================================================================
[2026-09-15T10:12:31.065+0000] {manager.py:878} INFO - 
================================================================================
DAG File Processing Stats

File Path                            PID  Runtime      # DAGs    # Errors  Last Runtime    Last Run
---------------------------------  -----  ---------  --------  ----------  --------------  -------------------
/opt/airflow/dags/daily_report.py                           1           0  0.13s           2026-09-15T10:12:01
/opt/airflow/dags/output_dags.py      80  0.01s             0           1  0.06s           2026-09-15T10:12:00
================================================================================
[2026-09-15T10:13:01.337+0000] {manager.py:878} INFO - 
================================================================================
DAG File Processing Stats

File Path                            PID  Runtime      # DAGs    # Errors  Last Runtime    Last Run
---------------------------------  -----  ---------  --------  ----------  --------------  -------------------
/opt/airflow/dags/daily_report.py                           1           0  0.13s           2026-09-15T10:12:32
/opt/airflow/dags/output_dags.py      88  0.01s             0           1  0.07s           2026-09-15T10:12:31
================================================================================
[2026-09-15T10:13:31.631+0000] {manager.py:878} INFO - 
================================================================================
DAG File Processing Stats

File Path                            PID  Runtime      # DAGs    # Errors  Last Runtime    Last Run
---------------------------------  -----  ---------  --------  ----------  --------------  -------------------
/opt/airflow/dags/daily_report.py                           1           0  0.12s           2026-09-15T10:13:02
/opt/airflow/dags/output_dags.py      96  0.01s             0           1  0.11s           2026-09-15T10:13:01
================================================================================
[2026-09-15T10:14:01.884+0000] {manager.py:878} INFO - 
================================================================================
DAG File Processing Stats

File Path                            PID  Runtime      # DAGs    # Errors  Last Runtime    Last Run
---------------------------------  -----  ---------  --------  ----------  --------------  -------------------
/opt/airflow/dags/daily_report.py                           1           0  0.13s           2026-09-15T10:13:32
/opt/airflow/dags/output_dags.py     104  0.01s             0           1  0.07s           2026-09-15T10:13:31
================================================================================
[2026-09-15T10:14:32.136+0000] {manager.py:878} INFO - 
================================================================================
DAG File Processing Stats

File Path                            PID  Runtime      # DAGs    # Errors  Last Runtime    Last Run
---------------------------------  -----  ---------  --------  ----------  --------------  -------------------
/opt/airflow/dags/daily_report.py                           1           0  0.12s           2026-09-15T10:14:03
/opt/airflow/dags/output_dags.py     112  0.01s             0           1  0.06s           2026-09-15T10:14:01
================================================================================
[2026-09-15T10:15:02.400+0000] {manager.py:878} INFO - 
================================================================================
DAG File Processing Stats

File Path                            PID  Runtime      # DAGs    # Errors  Last Runtime    Last Run
---------------------------------  -----  ---------  --------  ----------  --------------  -------------------
/opt/airflow/dags/daily_report.py                           1           0  0.12s           2026-09-15T10:14:33
/opt/airflow/dags/output_dags.py     120  0.01s             0           1  0.07s           2026-09-15T10:14:32
================================================================================
[2026-09-15T10:15:32.665+0000] {manager.py:878} INFO - 
================================================================================
DAG File Processing Stats

File Path                            PID  Runtime      # DAGs    # Errors  Last Runtime    Last Run
---------------------------------  -----  ---------  --------  ----------  --------------  -------------------
/opt/airflow/dags/daily_report.py                           1           0  0.14s           2026-09-15T10:15:03
/opt/airflow/dags/output_dags.py     128  0.01s             0           1  0.07s           2026-09-15T10:15:02
================================================================================
[2026-09-15T10:16:00.881+0000] {manager.py:737} INFO - Searching for files in /opt/airflow/dags
[2026-09-15T10:16:00.902+0000] {manager.py:740} INFO - There are 2 files in /opt/airflow/dags
[2026-09-15T10:16:02.942+0000] {manager.py:878} INFO - 
================================================================================
DAG File Processing Stats

File Path                            PID  Runtime      # DAGs    # Errors  Last Runtime    Last Run
---------------------------------  -----  ---------  --------  ----------  --------------  -------------------
/opt/airflow/dags/daily_report.py                           1           0  0.11s           2026-09-15T10:15:33
/opt/airflow/dags/output_dags.py     136  0.01s             0           1  0.07s           2026-09-15T10:15:32
================================================================================
[2026-09-15T10:16:33.201+0000] {manager.py:878} INFO - 
================================================================================
DAG File Processing Stats

File Path                            PID  Runtime      # DAGs    # Errors  Last Runtime    Last Run
---------------------------------  -----  ---------  --------  ----------  --------------  -------------------
/opt/airflow/dags/daily_report.py                           1           0  0.13s           2026-09-15T10:16:04
/opt/airflow/dags/output_dags.py     144  0.01s             0           1  0.07s           2026-09-15T10:16:03
================================================================================
[2026-09-15T10:17:03.457+0000] {manager.py:878} INFO - 
================================================================================
DAG File Processing Stats

File Path                            PID  Runtime      # DAGs    # Errors  Last Runtime    Last Run
---------------------------------  -----  ---------  --------  ----------  --------------  -------------------
/opt/airflow/dags/daily_report.py                           1           0  0.11s           2026-09-15T10:16:34
/opt/airflow/dags/output_dags.py     152  0.01s             0           1  0.07s           2026-09-15T10:16:33
================================================================================
[2026-09-15T10:17:33.732+0000] {manager.py:878} INFO - 
================================================================================
DAG File Processing Stats

File Path                            PID  Runtime      # DAGs    # Errors  Last Runtime    Last Run
---------------------------------  -----  ---------  --------  ----------  --------------  -------------------
/opt/airflow/dags/daily_report.py                           1           0  0.10s           2026-09-15T10:17:04
/opt/airflow/dags/output_dags.py     160  0.00s             0           1  0.09s           2026-09-15T10:17:03
================================================================================
[2026-09-15T10:18:03.984+0000] {manager.py:878} INFO - 
================================================================================
DAG File Processing Stats

File Path                            PID  Runtime      # DAGs    # Errors  Last Runtime    Last Run
---------------------------------  -----  ---------  --------  ----------  --------------  -------------------
/opt/airflow/dags/daily_report.py                           1           0  0.10s           2026-09-15T10:17:34
/opt/airflow/dags/output_dags.py     168  0.00s             0           1  0.06s           2026-09-15T10:17:33
================================================================================
[2026-09-15T10:18:34.222+0000] {manager.py:878} INFO - 
================================================================================
DAG File Processing Stats

File Path                            PID  Runtime      # DAGs    # Errors  Last Runtime    Last Run
---------------------------------  -----  ---------  --------  ----------  --------------  -------------------
/opt/airflow/dags/daily_report.py                           1           0  0.10s           2026-09-15T10:18:05
/opt/airflow/dags/output_dags.py     176  0.00s             0           1  0.06s           2026-09-15T10:18:04
================================================================================
[2026-09-15T10:19:04.474+0000] {manager.py:878} INFO - 
================================================================================
DAG File Processing Stats

File Path                            PID  Runtime      # DAGs    # Errors  Last Runtime    Last Run
---------------------------------  -----  ---------  --------  ----------  --------------  -------------------
/opt/airflow/dags/daily_report.py                           1           0  0.10s           2026-09-15T10:18:35
/opt/airflow/dags/output_dags.py     184  0.00s             0           1  0.06s           2026-09-15T10:18:34
================================================================================
[2026-09-15T10:19:34.724+0000] {manager.py:878} INFO - 
================================================================================
DAG File Processing Stats

File Path                            PID  Runtime      # DAGs    # Errors  Last Runtime    Last Run
---------------------------------  -----  ---------  --------  ----------  --------------  -------------------
/opt/airflow/dags/daily_report.py                           1           0  0.10s           2026-09-15T10:19:05
/opt/airflow/dags/output_dags.py     192  0.01s             0           1  0.06s           2026-09-15T10:19:04
================================================================================
[2026-09-15T10:20:04.971+0000] {manager.py:878} INFO - 
================================================================================
DAG File Processing Stats

File Path                            PID  Runtime      # DAGs    # Errors  Last Runtime    Last Run
---------------------------------  -----  ---------  --------  ----------  --------------  -------------------
/opt/airflow/dags/daily_report.py                           1           0  0.11s           2026-09-15T10:19:35
/opt/airflow/dags/output_dags.py     200  0.00s             0           1  0.07s           2026-09-15T10:19:34
================================================================================
[2026-09-15T10:20:35.225+0000] {manager.py:878} INFO - 
================================================================================
DAG File Processing Stats

File Path                            PID  Runtime      # DAGs    # Errors  Last Runtime    Last Run
---------------------------------  -----  ---------  --------  ----------  --------------  -------------------
/opt/airflow/dags/daily_report.py                           1           0  0.10s           2026-09-15T10:20:06
/opt/airflow/dags/output_dags.py     208  0.01s             0           1  0.06s           2026-09-15T10:20:05
================================================================================
[2026-09-15T10:21:01.442+0000] {manager.py:737} INFO - Searching for files in /opt/airflow/dags
[2026-09-15T10:21:01.464+0000] {manager.py:740} INFO - There are 2 files in /opt/airflow/dags
[2026-09-15T10:21:05.513+0000] {manager.py:878} INFO - 
================================================================================
DAG File Processing Stats

File Path                            PID  Runtime      # DAGs    # Errors  Last Runtime    Last Run
---------------------------------  -----  ---------  --------  ----------  --------------  -------------------
/opt/airflow/dags/daily_report.py                           1           0  0.12s           2026-09-15T10:20:36
/opt/airflow/dags/output_dags.py     216  0.01s             0           1  0.07s           2026-09-15T10:20:35
================================================================================
[2026-09-15T10:21:35.772+0000] {manager.py:878} INFO - 
================================================================================
DAG File Processing Stats

File Path                            PID  Runtime      # DAGs    # Errors  Last Runtime    Last Run
---------------------------------  -----  ---------  --------  ----------  --------------  -------------------
/opt/airflow/dags/daily_report.py                           1           0  0.12s           2026-09-15T10:21:06
/opt/airflow/dags/output_dags.py     224  0.00s             0           1  0.07s           2026-09-15T10:21:05
================================================================================
[2026-09-15T10:22:06.010+0000] {manager.py:878} INFO - 
================================================================================
DAG File Processing Stats

File Path                            PID  Runtime      # DAGs    # Errors  Last Runtime    Last Run
---------------------------------  -----  ---------  --------  ----------  --------------  -------------------
/opt/airflow/dags/daily_report.py                           1           0  0.10s           2026-09-15T10:21:36
/opt/airflow/dags/output_dags.py     232  0.00s             0           1  0.06s           2026-09-15T10:21:35
================================================================================
[2026-09-15T10:22:36.247+0000] {manager.py:878} INFO - 
================================================================================
DAG File Processing Stats

File Path                            PID  Runtime      # DAGs    # Errors  Last Runtime    Last Run
---------------------------------  -----  ---------  --------  ----------  --------------  -------------------
/opt/airflow/dags/daily_report.py                           1           0  0.10s           2026-09-15T10:22:07
/opt/airflow/dags/output_dags.py     240  0.00s             0           1  0.06s           2026-09-15T10:22:06
================================================================================
[2026-09-15T10:23:06.494+0000] {manager.py:878} INFO - 
================================================================================
DAG File Processing Stats

File Path                            PID  Runtime      # DAGs    # Errors  Last Runtime    Last Run
---------------------------------  -----  ---------  --------  ----------  --------------  -------------------
/opt/airflow/dags/daily_report.py                           1           0  0.10s           2026-09-15T10:22:37
/opt/airflow/dags/output_dags.py     248  0.01s             0           1  0.05s           2026-09-15T10:22:36
================================================================================
[2026-09-15T10:23:36.745+0000] {manager.py:878} INFO - 
================================================================================
DAG File Processing Stats

File Path                            PID  Runtime      # DAGs    # Errors  Last Runtime    Last Run
---------------------------------  -----  ---------  --------  ----------  --------------  -------------------
/opt/airflow/dags/daily_report.py                           1           0  0.11s           2026-09-15T10:23:07
/opt/airflow/dags/output_dags.py     256  0.00s             0           1  0.06s           2026-09-15T10:23:06
================================================================================
[2026-09-15T10:24:06.991+0000] {manager.py:878} INFO - 
================================================================================
DAG File Processing Stats

File Path                            PID  Runtime      # DAGs    # Errors  Last Runtime    Last Run
---------------------------------  -----  ---------  --------  ----------  --------------  -------------------
/opt/airflow/dags/daily_report.py                           1           0  0.11s           2026-09-15T10:23:37
/opt/airflow/dags/output_dags.py     264  0.00s             0           1  0.06s           2026-09-15T10:23:36
================================================================================
[2026-09-15T10:24:37.239+0000] {manager.py:878} INFO - 
================================================================================
DAG File Processing Stats

File Path                            PID  Runtime      # DAGs    # Errors  Last Runtime    Last Run
---------------------------------  -----  ---------  --------  ----------  --------------  -------------------
/opt/airflow/dags/daily_report.py                           1           0  0.10s           2026-09-15T10:24:08
/opt/airflow/dags/output_dags.py     272  0.00s             0           1  0.06s           2026-09-15T10:24:07
================================================================================
[2026-09-15T10:25:07.494+0000] {manager.py:878} INFO - 
================================================================================
DAG File Processing Stats

File Path                            PID  Runtime      # DAGs    # Errors  Last Runtime    Last Run
---------------------------------  -----  ---------  --------  ----------  --------------  -------------------
/opt/airflow/dags/daily_report.py                           1           0  0.13s           2026-09-15T10:24:38
/opt/airflow/dags/output_dags.py     280  0.00s             0           1  0.06s           2026-09-15T10:24:37
================================================================================
[2026-09-15T10:25:37.748+0000] {manager.py:878} INFO - 
================================================================================
DAG File Processing Stats

File Path                            PID  Runtime      # DAGs    # Errors  Last Runtime    Last Run
---------------------------------  -----  ---------  --------  ----------  --------------  -------------------
/opt/airflow/dags/daily_report.py                           1           0  0.11s           2026-09-15T10:25:08
/opt/airflow/dags/output_dags.py     288  0.00s             0           1  0.07s           2026-09-15T10:25:07
================================================================================
[2026-09-15T10:26:01.949+0000] {manager.py:737} INFO - Searching for files in /opt/airflow/dags
[2026-09-15T10:26:01.984+0000] {manager.py:740} INFO - There are 2 files in /opt/airflow/dags
[2026-09-15T10:26:08.041+0000] {manager.py:878} INFO - 
================================================================================
DAG File Processing Stats

File Path                            PID  Runtime      # DAGs    # Errors  Last Runtime    Last Run
---------------------------------  -----  ---------  --------  ----------  --------------  -------------------
/opt/airflow/dags/daily_report.py                           1           0  0.11s           2026-09-15T10:25:38
/opt/airflow/dags/output_dags.py     296  0.00s             0           1  0.07s           2026-09-15T10:25:37
================================================================================
[2026-09-15T10:26:38.293+0000] {manager.py:878} INFO - 
================================================================================
DAG File Processing Stats

File Path                            PID  Runtime      # DAGs    # Errors  Last Runtime    Last Run
---------------------------------  -----  ---------  --------  ----------  --------------  -------------------
/opt/airflow/dags/daily_report.py                           1           0  0.10s           2026-09-15T10:26:09
/opt/airflow/dags/output_dags.py     304  0.01s             0           1  0.06s           2026-09-15T10:26:08
================================================================================
[2026-09-15T10:27:08.555+0000] {manager.py:878} INFO - 
================================================================================
DAG File Processing Stats

File Path                            PID  Runtime      # DAGs    # Errors  Last Runtime    Last Run
---------------------------------  -----  ---------  --------  ----------  --------------  -------------------
/opt/airflow/dags/daily_report.py                           1           0  0.12s           2026-09-15T10:26:39
/opt/airflow/dags/output_dags.py     312  0.01s             0           1  0.07s           2026-09-15T10:26:38
================================================================================
[2026-09-15T10:27:38.818+0000] {manager.py:878} INFO - 
================================================================================
DAG File Processing Stats

File Path                            PID  Runtime      # DAGs    # Errors  Last Runtime    Last Run
---------------------------------  -----  ---------  --------  ----------  --------------  -------------------
/opt/airflow/dags/daily_report.py                           1           0  0.11s           2026-09-15T10:27:09
/opt/airflow/dags/output_dags.py     320  0.01s             0           1  0.07s           2026-09-15T10:27:08
================================================================================
[2026-09-15T10:28:09.088+0000] {manager.py:878} INFO - 
================================================================================
DAG File Processing Stats

File Path                            PID  Runtime      # DAGs    # Errors  Last Runtime    Last Run
---------------------------------  -----  ---------  --------  ----------  --------------  -------------------
/opt/airflow/dags/daily_report.py                           1           0  0.12s           2026-09-15T10:27:39
/opt/airflow/dags/output_dags.py     328  0.00s             0           1  0.08s           2026-09-15T10:27:38
================================================================================
[2026-09-15T10:28:39.340+0000] {manager.py:878} INFO - 
================================================================================
DAG File Processing Stats

File Path                            PID  Runtime      # DAGs    # Errors  Last Runtime    Last Run
---------------------------------  -----  ---------  --------  ----------  --------------  -------------------
/opt/airflow/dags/daily_report.py                           1           0  0.10s           2026-09-15T10:28:10
/opt/airflow/dags/output_dags.py     336  0.00s             0           1  0.06s           2026-09-15T10:28:09
================================================================================
[2026-09-15T10:29:09.609+0000] {manager.py:878} INFO - 
================================================================================
DAG File Processing Stats

File Path                            PID  Runtime      # DAGs    # Errors  Last Runtime    Last Run
---------------------------------  -----  ---------  --------  ----------  --------------  -------------------
/opt/airflow/dags/daily_report.py                           1           0  0.12s           2026-09-15T10:28:40
/opt/airflow/dags/output_dags.py     344  0.01s             0           1  0.07s           2026-09-15T10:28:39
================================================================================
[2026-09-15T10:29:39.865+0000] {manager.py:878} INFO - 
================================================================================
DAG File Processing Stats

File Path                            PID  Runtime      # DAGs    # Errors  Last Runtime    Last Run
---------------------------------  -----  ---------  --------  ----------  --------------  -------------------
/opt/airflow/dags/daily_report.py                           1           0  0.11s           2026-09-15T10:29:10
/opt/airflow/dags/output_dags.py     352  0.00s             0           1  0.07s           2026-09-15T10:29:09
================================================================================
[2026-09-15T10:30:10.181+0000] {manager.py:878} INFO - 
================================================================================
DAG File Processing Stats

File Path                          PID    Runtime      # DAGs    # Errors  Last Runtime    Last Run
---------------------------------  -----  ---------  --------  ----------  --------------  -------------------
/opt/airflow/dags/daily_report.py                           1           0  0.11s           2026-09-15T10:29:56
/opt/airflow/dags/output_dags.py                            0           1  0.06s           2026-09-15T10:29:56
================================================================================
[2026-09-15T10:30:40.427+0000] {manager.py:878} INFO - 
================================================================================
DAG File Processing Stats

File Path                          PID    Runtime      # DAGs    # Errors  Last Runtime    Last Run
---------------------------------  -----  ---------  --------  ----------  --------------  -------------------
/opt/airflow/dags/daily_report.py                           1           0  0.11s           2026-09-15T10:30:26
/opt/airflow/dags/output_dags.py                            0           1  0.06s           2026-09-15T10:30:26
================================================================================
[2026-09-15T10:31:02.632+0000] {manager.py:737} INFO - Searching for files in /opt/airflow/dags
[2026-09-15T10:31:02.656+0000] {manager.py:740} INFO - There are 2 files in /opt/airflow/dags
[2026-09-15T10:31:10.715+0000] {manager.py:878} INFO - 
================================================================================
DAG File Processing Stats

File Path                          PID    Runtime      # DAGs    # Errors  Last Runtime    Last Run
---------------------------------  -----  ---------  --------  ----------  --------------  -------------------
/opt/airflow/dags/daily_report.py                           1           0  0.11s           2026-09-15T10:30:56
/opt/airflow/dags/output_dags.py                            0           1  0.07s           2026-09-15T10:30:56
================================================================================
[2026-09-15T10:31:40.957+0000] {manager.py:878} INFO - 
================================================================================
DAG File Processing Stats

File Path                          PID    Runtime      # DAGs    # Errors  Last Runtime    Last Run
---------------------------------  -----  ---------  --------  ----------  --------------  -------------------
/opt/airflow/dags/daily_report.py                           1           0  0.10s           2026-09-15T10:31:26
/opt/airflow/dags/output_dags.py                            0           1  0.06s           2026-09-15T10:31:26
================================================================================
[2026-09-15T10:32:11.209+0000] {manager.py:878} INFO - 
================================================================================
DAG File Processing Stats

File Path                          PID    Runtime      # DAGs    # Errors  Last Runtime    Last Run
---------------------------------  -----  ---------  --------  ----------  --------------  -------------------
/opt/airflow/dags/daily_report.py                           1           0  0.11s           2026-09-15T10:31:57
/opt/airflow/dags/output_dags.py                            0           1  0.07s           2026-09-15T10:31:57
================================================================================
[2026-09-15T10:32:41.451+0000] {manager.py:878} INFO - 
================================================================================
DAG File Processing Stats

File Path                          PID    Runtime      # DAGs    # Errors  Last Runtime    Last Run
---------------------------------  -----  ---------  --------  ----------  --------------  -------------------
/opt/airflow/dags/daily_report.py                           1           0  0.10s           2026-09-15T10:32:27
/opt/airflow/dags/output_dags.py                            0           1  0.06s           2026-09-15T10:32:27
================================================================================
[2026-09-15T10:33:11.703+0000] {manager.py:878} INFO - 
================================================================================
DAG File Processing Stats

File Path                          PID    Runtime      # DAGs    # Errors  Last Runtime    Last Run
---------------------------------  -----  ---------  --------  ----------  --------------  -------------------
/opt/airflow/dags/daily_report.py                           1           0  0.11s           2026-09-15T10:32:57
/opt/airflow/dags/output_dags.py                            0           1  0.06s           2026-09-15T10:32:57
================================================================================
[2026-09-15T10:33:41.956+0000] {manager.py:878} INFO - 
================================================================================
DAG File Processing Stats

File Path                          PID    Runtime      # DAGs    # Errors  Last Runtime    Last Run
---------------------------------  -----  ---------  --------  ----------  --------------  -------------------
/opt/airflow/dags/daily_report.py                           1           0  0.10s           2026-09-15T10:33:27
/opt/airflow/dags/output_dags.py                            0           1  0.06s           2026-09-15T10:33:27
================================================================================
[2026-09-15T10:34:12.209+0000] {manager.py:878} INFO - 
================================================================================
DAG File Processing Stats

File Path                          PID    Runtime      # DAGs    # Errors  Last Runtime    Last Run
---------------------------------  -----  ---------  --------  ----------  --------------  -------------------
/opt/airflow/dags/daily_report.py                           1           0  0.12s           2026-09-15T10:33:58
/opt/airflow/dags/output_dags.py                            0           1  0.07s           2026-09-15T10:33:58
================================================================================
[2026-09-15T10:34:42.473+0000] {manager.py:878} INFO - 
================================================================================
DAG File Processing Stats

File Path                          PID    Runtime      # DAGs    # Errors  Last Runtime    Last Run
---------------------------------  -----  ---------  --------  ----------  --------------  -------------------
/opt/airflow/dags/daily_report.py                           1           0  0.11s           2026-09-15T10:34:28
/opt/airflow/dags/output_dags.py                            0           1  0.07s           2026-09-15T10:34:28
================================================================================
[2026-09-15T10:35:12.748+0000] {manager.py:878} INFO - 
================================================================================
DAG File Processing Stats

File Path                          PID    Runtime      # DAGs    # Errors  Last Runtime    Last Run
---------------------------------  -----  ---------  --------  ----------  --------------  -------------------
/opt/airflow/dags/daily_report.py                           1           0  0.13s           2026-09-15T10:34:58
/opt/airflow/dags/output_dags.py                            0           1  0.08s           2026-09-15T10:34:58
================================================================================
[2026-09-15T10:35:43.141+0000] {manager.py:878} INFO - 
================================================================================
DAG File Processing Stats

File Path                          PID    Runtime      # DAGs    # Errors  Last Runtime    Last Run
---------------------------------  -----  ---------  --------  ----------  --------------  -------------------
/opt/airflow/dags/daily_report.py                           1           0  0.13s           2026-09-15T10:35:32
/opt/airflow/dags/output_dags.py                            0           1  0.07s           2026-09-15T10:35:32
================================================================================
[2026-09-15T10:36:03.370+0000] {manager.py:737} INFO - Searching for files in /opt/airflow/dags
[2026-09-15T10:36:03.390+0000] {manager.py:740} INFO - There are 2 files in /opt/airflow/dags
[2026-09-15T10:36:13.460+0000] {manager.py:878} INFO - 
================================================================================
DAG File Processing Stats

File Path                          PID    Runtime      # DAGs    # Errors  Last Runtime    Last Run
---------------------------------  -----  ---------  --------  ----------  --------------  -------------------
/opt/airflow/dags/daily_report.py                           1           0  0.17s           2026-09-15T10:36:02
/opt/airflow/dags/output_dags.py                            0           1  0.10s           2026-09-15T10:36:02
================================================================================
[2026-09-15T10:36:43.711+0000] {manager.py:878} INFO - 
================================================================================
DAG File Processing Stats

File Path                          PID    Runtime      # DAGs    # Errors  Last Runtime    Last Run
---------------------------------  -----  ---------  --------  ----------  --------------  -------------------
/opt/airflow/dags/daily_report.py                           1           0  0.12s           2026-09-15T10:36:32
/opt/airflow/dags/output_dags.py                            0           1  0.07s           2026-09-15T10:36:32
================================================================================
[2026-09-15T10:37:13.964+0000] {manager.py:878} INFO - 
================================================================================
DAG File Processing Stats

File Path                          PID    Runtime      # DAGs    # Errors  Last Runtime    Last Run
---------------------------------  -----  ---------  --------  ----------  --------------  -------------------
/opt/airflow/dags/daily_report.py                           1           0  0.10s           2026-09-15T10:37:02
/opt/airflow/dags/output_dags.py                            0           1  0.06s           2026-09-15T10:37:02
================================================================================
[2026-09-15T10:37:44.233+0000] {manager.py:878} INFO - 
================================================================================
DAG File Processing Stats

File Path                          PID    Runtime      # DAGs    # Errors  Last Runtime    Last Run
---------------------------------  -----  ---------  --------  ----------  --------------  -------------------
/opt/airflow/dags/daily_report.py                           1           0  0.12s           2026-09-15T10:37:33
/opt/airflow/dags/output_dags.py                            0           1  0.07s           2026-09-15T10:37:33
================================================================================
[2026-09-15T10:38:14.497+0000] {manager.py:878} INFO - 
================================================================================
DAG File Processing Stats

File Path                          PID    Runtime      # DAGs    # Errors  Last Runtime    Last Run
---------------------------------  -----  ---------  --------  ----------  --------------  -------------------
/opt/airflow/dags/daily_report.py                           1           0  0.11s           2026-09-15T10:38:03
/opt/airflow/dags/output_dags.py                            0           1  0.07s           2026-09-15T10:38:03
================================================================================
[2026-09-15T10:38:44.752+0000] {manager.py:878} INFO - 
================================================================================
DAG File Processing Stats

File Path                          PID    Runtime      # DAGs    # Errors  Last Runtime    Last Run
---------------------------------  -----  ---------  --------  ----------  --------------  -------------------
/opt/airflow/dags/daily_report.py                           1           0  0.12s           2026-09-15T10:38:33
/opt/airflow/dags/output_dags.py                            0           1  0.07s           2026-09-15T10:38:33
================================================================================
[2026-09-15T10:38:46.760+0000] {manager.py:1128} WARNING - Skipping processing of missing file: /opt/airflow/dags/daily_report.py
[2026-09-15T10:38:46.822+0000] {manager.py:1128} WARNING - Skipping processing of missing file: /opt/airflow/dags/output_dags.py
[2026-09-15T10:41:04.351+0000] {manager.py:737} INFO - Searching for files in /opt/airflow/dags
[2026-09-15T10:41:04.369+0000] {manager.py:740} INFO - There are 1 files in /opt/airflow/dags
[2026-09-15T10:41:15.474+0000] {manager.py:878} INFO - 
================================================================================
DAG File Processing Stats

File Path                          PID    Runtime      # DAGs    # Errors  Last Runtime    Last Run
---------------------------------  -----  ---------  --------  ----------  --------------  -------------------
/opt/airflow/dags/daily_report.py                           1           0  0.30s           2026-09-15T10:41:04
================================================================================
[2026-09-15T10:41:24.521+0000] {manager.py:1128} WARNING - Skipping processing of missing file: /opt/airflow/dags/daily_report.py
[2026-09-15T10:46:04.692+0000] {manager.py:737} INFO - Searching for files in /opt/airflow/dags
[2026-09-15T10:46:04.709+0000] {manager.py:740} INFO - There are 1 files in /opt/airflow/dags
[2026-09-15T10:46:16.809+0000] {manager.py:878} INFO - 
================================================================================
DAG File Processing Stats

File Path                          PID    Runtime      # DAGs    # Errors  Last Runtime    Last Run
---------------------------------  -----  ---------  --------  ----------  --------------  -------------------
/opt/airflow/dags/daily_report.py                           1           0  0.11s           2026-09-15T10:46:04
================================================================================
[2026-09-15T10:46:47.029+0000] {manager.py:878} INFO - 
================================================================================
DAG File Processing Stats

File Path                          PID    Runtime      # DAGs    # Errors  Last Runtime    Last Run
---------------------------------  -----  ---------  --------  ----------  --------------  -------------------
/opt/airflow/dags/daily_report.py                           1           0  0.14s           2026-09-15T10:46:35
================================================================================
[2026-09-15T10:47:17.238+0000] {manager.py:878} INFO - 
================================================================================
DAG File Processing Stats

File Path                          PID    Runtime      # DAGs    # Errors  Last Runtime    Last Run
---------------------------------  -----  ---------  --------  ----------  --------------  -------------------
/opt/airflow/dags/daily_report.py                           1           0  0.11s           2026-09-15T10:47:05
================================================================================
[2026-09-15T10:47:47.429+0000] {manager.py:878} INFO - 
================================================================================
DAG File Processing Stats

File Path                          PID    Runtime      # DAGs    # Errors  Last Runtime    Last Run
---------------------------------  -----  ---------  --------  ----------  --------------  -------------------
/opt/airflow/dags/daily_report.py                           1           0  0.10s           2026-09-15T10:47:35
================================================================================
[2026-09-15T10:48:17.631+0000] {manager.py:878} INFO - 
================================================================================
DAG File Processing Stats

File Path                          PID    Runtime      # DAGs    # Errors  Last Runtime    Last Run
---------------------------------  -----  ---------  --------  ----------  --------------  -------------------
/opt/airflow/dags/daily_report.py                           1           0  0.10s           2026-09-15T10:48:05
================================================================================
[2026-09-15T10:48:47.831+0000] {manager.py:878} INFO - 
================================================================================
DAG File Processing Stats

File Path                          PID    Runtime      # DAGs    # Errors  Last Runtime    Last Run
---------------------------------  -----  ---------  --------  ----------  --------------  -------------------
/opt/airflow/dags/daily_report.py                           1           0  0.10s           2026-09-15T10:48:35
================================================================================
[2026-09-15T10:49:18.034+0000] {manager.py:878} INFO - 
================================================================================
DAG File Processing Stats

File Path                          PID    Runtime      # DAGs    # Errors  Last Runtime    Last Run
---------------------------------  -----  ---------  --------  ----------  --------------  -------------------
/opt/airflow/dags/daily_report.py                           1           0  0.10s           2026-09-15T10:49:06
================================================================================
[2026-09-15T10:49:48.221+0000] {manager.py:878} INFO - 
================================================================================
DAG File Processing Stats

File Path                          PID    Runtime      # DAGs    # Errors  Last Runtime    Last Run
---------------------------------  -----  ---------  --------  ----------  --------------  -------------------
/opt/airflow/dags/daily_report.py                           1           0  0.10s           2026-09-15T10:49:36
================================================================================
[2026-09-15T10:50:18.434+0000] {manager.py:878} INFO - 
================================================================================
DAG File Processing Stats

File Path                          PID    Runtime      # DAGs    # Errors  Last Runtime    Last Run
---------------------------------  -----  ---------  --------  ----------  --------------  -------------------
/opt/airflow/dags/daily_report.py                           1           0  0.11s           2026-09-15T10:50:06
================================================================================
[2026-09-15T10:50:48.630+0000] {manager.py:878} INFO - 
================================================================================
DAG File Processing Stats

File Path                          PID    Runtime      # DAGs    # Errors  Last Runtime    Last Run
---------------------------------  -----  ---------  --------  ----------  --------------  -------------------
/opt/airflow/dags/daily_report.py                           1           0  0.10s           2026-09-15T10:50:36
================================================================================
[2026-09-15T10:51:04.711+0000] {manager.py:737} INFO - Searching for files in /opt/airflow/dags
[2026-09-15T10:51:04.726+0000] {manager.py:740} INFO - There are 1 files in /opt/airflow/dags
[2026-09-15T10:51:18.831+0000] {manager.py:878} INFO - 
================================================================================
DAG File Processing Stats

File Path                          PID    Runtime      # DAGs    # Errors  Last Runtime    Last Run
---------------------------------  -----  ---------  --------  ----------  --------------  -------------------
/opt/airflow/dags/daily_report.py                           1           0  0.10s           2026-09-15T10:51:06
================================================================================
[2026-09-15T10:51:49.052+0000] {manager.py:878} INFO - 
================================================================================
DAG File Processing Stats

File Path                          PID    Runtime      # DAGs    # Errors  Last Runtime    Last Run
---------------------------------  -----  ---------  --------  ----------  --------------  -------------------
/opt/airflow/dags/daily_report.py                           1           0  0.12s           2026-09-15T10:51:37
================================================================================
[2026-09-15T10:52:19.251+0000] {manager.py:878} INFO - 
================================================================================
DAG File Processing Stats

File Path                          PID    Runtime      # DAGs    # Errors  Last Runtime    Last Run
---------------------------------  -----  ---------  --------  ----------  --------------  -------------------
/opt/airflow/dags/daily_report.py                           1           0  0.11s           2026-09-15T10:52:07
================================================================================
[2026-09-15T10:52:49.459+0000] {manager.py:878} INFO - 
================================================================================
DAG File Processing Stats

File Path                          PID    Runtime      # DAGs    # Errors  Last Runtime    Last Run
---------------------------------  -----  ---------  --------  ----------  --------------  -------------------
/opt/airflow/dags/daily_report.py                           1           0  0.21s           2026-09-15T10:52:37
================================================================================
[2026-09-15T10:53:19.759+0000] {manager.py:878} INFO - 
================================================================================
DAG File Processing Stats

File Path                          PID    Runtime      # DAGs    # Errors  Last Runtime    Last Run
---------------------------------  -----  ---------  --------  ----------  --------------  -------------------
/opt/airflow/dags/daily_report.py                           1           0  0.12s           2026-09-15T10:53:07
================================================================================
[2026-09-15T10:53:50.007+0000] {manager.py:878} INFO - 
================================================================================
DAG File Processing Stats

File Path                          PID    Runtime      # DAGs    # Errors  Last Runtime    Last Run
---------------------------------  -----  ---------  --------  ----------  --------------  -------------------
/opt/airflow/dags/daily_report.py                           1           0  0.10s           2026-09-15T10:53:37
================================================================================
[2026-09-15T10:54:20.186+0000] {manager.py:878} INFO - 
================================================================================
DAG File Processing Stats

File Path                          PID    Runtime      # DAGs    # Errors  Last Runtime    Last Run
---------------------------------  -----  ---------  --------  ----------  --------------  -------------------
/opt/airflow/dags/daily_report.py                           1           0  0.10s           2026-09-15T10:54:08
================================================================================
[2026-09-15T10:54:50.404+0000] {manager.py:878} INFO - 
================================================================================
DAG File Processing Stats

File Path                          PID    Runtime      # DAGs    # Errors  Last Runtime    Last Run
---------------------------------  -----  ---------  --------  ----------  --------------  -------------------
/opt/airflow/dags/daily_report.py                           1           0  0.11s           2026-09-15T10:54:38
================================================================================
[2026-09-15T10:55:20.585+0000] {manager.py:878} INFO - 
================================================================================
DAG File Processing Stats

File Path                          PID    Runtime      # DAGs    # Errors  Last Runtime    Last Run
---------------------------------  -----  ---------  --------  ----------  --------------  -------------------
/opt/airflow/dags/daily_report.py                           1           0  0.10s           2026-09-15T10:55:08
================================================================================
[2026-09-15T10:55:50.794+0000] {manager.py:878} INFO - 
================================================================================
DAG File Processing Stats

File Path                          PID    Runtime      # DAGs    # Errors  Last Runtime    Last Run
---------------------------------  -----  ---------  --------  ----------  --------------  -------------------
/opt/airflow/dags/daily_report.py                           1           0  0.10s           2026-09-15T10:55:38
================================================================================
[2026-09-15T10:56:04.870+0000] {manager.py:737} INFO - Searching for files in /opt/airflow/dags
[2026-09-15T10:56:04.886+0000] {manager.py:740} INFO - There are 1 files in /opt/airflow/dags
[2026-09-15T10:56:20.997+0000] {manager.py:878} INFO - 
================================================================================
DAG File Processing Stats

File Path                          PID    Runtime      # DAGs    # Errors  Last Runtime    Last Run
---------------------------------  -----  ---------  --------  ----------  --------------  -------------------
/opt/airflow/dags/daily_report.py                           1           0  0.10s           2026-09-15T10:56:09
================================================================================
[2026-09-15T10:56:51.213+0000] {manager.py:878} INFO - 
================================================================================
DAG File Processing Stats

File Path                          PID    Runtime      # DAGs    # Errors  Last Runtime    Last Run
---------------------------------  -----  ---------  --------  ----------  --------------  -------------------
/opt/airflow/dags/daily_report.py                           1           0  0.10s           2026-09-15T10:56:39
================================================================================
[2026-09-15T10:57:21.387+0000] {manager.py:878} INFO - 
================================================================================
DAG File Processing Stats

File Path                          PID    Runtime      # DAGs    # Errors  Last Runtime    Last Run
---------------------------------  -----  ---------  --------  ----------  --------------  -------------------
/opt/airflow/dags/daily_report.py                           1           0  0.10s           2026-09-15T10:57:09
================================================================================
[2026-09-15T10:57:51.609+0000] {manager.py:878} INFO - 
================================================================================
DAG File Processing Stats

File Path                          PID    Runtime      # DAGs    # Errors  Last Runtime    Last Run
---------------------------------  -----  ---------  --------  ----------  --------------  -------------------
/opt/airflow/dags/daily_report.py                           1           0  0.10s           2026-09-15T10:57:39
================================================================================
[2026-09-15T10:58:21.781+0000] {manager.py:878} INFO - 
================================================================================
DAG File Processing Stats

File Path                          PID    Runtime      # DAGs    # Errors  Last Runtime    Last Run
---------------------------------  -----  ---------  --------  ----------  --------------  -------------------
/opt/airflow/dags/daily_report.py                           1           0  0.10s           2026-09-15T10:58:09
================================================================================
[2026-09-15T10:58:52.004+0000] {manager.py:878} INFO - 
================================================================================
DAG File Processing Stats

File Path                          PID    Runtime      # DAGs    # Errors  Last Runtime    Last Run
---------------------------------  -----  ---------  --------  ----------  --------------  -------------------
/opt/airflow/dags/daily_report.py                           1           0  0.11s           2026-09-15T10:58:39
================================================================================
[2026-09-15T10:59:22.191+0000] {manager.py:878} INFO - 
================================================================================
DAG File Processing Stats

File Path                          PID    Runtime      # DAGs    # Errors  Last Runtime    Last Run
---------------------------------  -----  ---------  --------  ----------  --------------  -------------------
/opt/airflow/dags/daily_report.py                           1           0  0.10s           2026-09-15T10:59:10
================================================================================
[2026-09-15T10:59:52.398+0000] {manager.py:878} INFO - 
================================================================================
DAG File Processing Stats

File Path                          PID    Runtime      # DAGs    # Errors  Last Runtime    Last Run
---------------------------------  -----  ---------  --------  ----------  --------------  -------------------
/opt/airflow/dags/daily_report.py                           1           0  0.11s           2026-09-15T10:59:40
================================================================================
[2026-09-15T11:00:22.589+0000] {manager.py:878} INFO - 
================================================================================
DAG File Processing Stats

File Path                          PID    Runtime      # DAGs    # Errors  Last Runtime    Last Run
---------------------------------  -----  ---------  --------  ----------  --------------  -------------------
/opt/airflow/dags/daily_report.py                           1           0  0.10s           2026-09-15T11:00:10
================================================================================
[2026-09-15T11:00:52.793+0000] {manager.py:878} INFO - 
================================================================================
DAG File Processing Stats

File Path                          PID    Runtime      # DAGs    # Errors  Last Runtime    Last Run
---------------------------------  -----  ---------  --------  ----------  --------------  -------------------
/opt/airflow/dags/daily_report.py                           1           0  0.11s           2026-09-15T11:00:40
================================================================================
[2026-09-15T11:01:04.894+0000] {manager.py:737} INFO - Searching for files in /opt/airflow/dags
[2026-09-15T11:01:04.910+0000] {manager.py:740} INFO - There are 1 files in /opt/airflow/dags
[2026-09-15T11:01:23.008+0000] {manager.py:878} INFO - 
================================================================================
DAG File Processing Stats

File Path                          PID    Runtime      # DAGs    # Errors  Last Runtime    Last Run
---------------------------------  -----  ---------  --------  ----------  --------------  -------------------
/opt/airflow/dags/daily_report.py                           1           0  0.11s           2026-09-15T11:01:11
================================================================================
[2026-09-15T11:01:53.194+0000] {manager.py:878} INFO - 
================================================================================
DAG File Processing Stats

File Path                          PID    Runtime      # DAGs    # Errors  Last Runtime    Last Run
---------------------------------  -----  ---------  --------  ----------  --------------  -------------------
/opt/airflow/dags/daily_report.py                           1           0  0.11s           2026-09-15T11:01:41
================================================================================
[2026-09-15T11:02:23.409+0000] {manager.py:878} INFO - 
================================================================================
DAG File Processing Stats

File Path                          PID    Runtime      # DAGs    # Errors  Last Runtime    Last Run
---------------------------------  -----  ---------  --------  ----------  --------------  -------------------
/opt/airflow/dags/daily_report.py                           1           0  0.10s           2026-09-15T11:02:11
================================================================================
[2026-09-15T11:02:53.583+0000] {manager.py:878} INFO - 
================================================================================
DAG File Processing Stats

File Path                          PID    Runtime      # DAGs    # Errors  Last Runtime    Last Run
---------------------------------  -----  ---------  --------  ----------  --------------  -------------------
/opt/airflow/dags/daily_report.py                           1           0  0.11s           2026-09-15T11:02:41
================================================================================
[2026-09-15T11:03:23.815+0000] {manager.py:878} INFO - 
================================================================================
DAG File Processing Stats

File Path                          PID    Runtime      # DAGs    # Errors  Last Runtime    Last Run
---------------------------------  -----  ---------  --------  ----------  --------------  -------------------
/opt/airflow/dags/daily_report.py                           1           0  0.12s           2026-09-15T11:03:11
================================================================================
[2026-09-15T11:03:53.990+0000] {manager.py:878} INFO - 
================================================================================
DAG File Processing Stats

File Path                          PID    Runtime      # DAGs    # Errors  Last Runtime    Last Run
---------------------------------  -----  ---------  --------  ----------  --------------  -------------------
/opt/airflow/dags/daily_report.py                           1           0  0.10s           2026-09-15T11:03:42
================================================================================
[2026-09-15T11:04:24.205+0000] {manager.py:878} INFO - 
================================================================================
DAG File Processing Stats

File Path                          PID    Runtime      # DAGs    # Errors  Last Runtime    Last Run
---------------------------------  -----  ---------  --------  ----------  --------------  -------------------
/opt/airflow/dags/daily_report.py                           1           0  0.11s           2026-09-15T11:04:12
================================================================================
[2026-09-15T11:04:54.394+0000] {manager.py:878} INFO - 
================================================================================
DAG File Processing Stats

File Path                          PID    Runtime      # DAGs    # Errors  Last Runtime    Last Run
---------------------------------  -----  ---------  --------  ----------  --------------  -------------------
/opt/airflow/dags/daily_report.py                           1           0  0.10s           2026-09-15T11:04:42
================================================================================
[2026-09-15T11:05:24.596+0000] {manager.py:878} INFO - 
================================================================================
DAG File Processing Stats

File Path                          PID    Runtime      # DAGs    # Errors  Last Runtime    Last Run
---------------------------------  -----  ---------  --------  ----------  --------------  -------------------
/opt/airflow/dags/daily_report.py                           1           0  0.13s           2026-09-15T11:05:12
================================================================================
[2026-09-15T11:05:54.824+0000] {manager.py:878} INFO - 
================================================================================
DAG File Processing Stats

File Path                          PID    Runtime      # DAGs    # Errors  Last Runtime    Last Run
---------------------------------  -----  ---------  --------  ----------  --------------  -------------------
/opt/airflow/dags/daily_report.py                           1           0  0.10s           2026-09-15T11:05:42
================================================================================
[2026-09-15T11:06:05.882+0000] {manager.py:737} INFO - Searching for files in /opt/airflow/dags
[2026-09-15T11:06:05.898+0000] {manager.py:740} INFO - There are 1 files in /opt/airflow/dags
[2026-09-15T11:06:25.017+0000] {manager.py:878} INFO - 
================================================================================
DAG File Processing Stats

File Path                          PID    Runtime      # DAGs    # Errors  Last Runtime    Last Run
---------------------------------  -----  ---------  --------  ----------  --------------  -------------------
/opt/airflow/dags/daily_report.py                           1           0  0.11s           2026-09-15T11:06:13
================================================================================
[2026-09-15T11:06:55.252+0000] {manager.py:878} INFO - 
================================================================================
DAG File Processing Stats

File Path                          PID    Runtime      # DAGs    # Errors  Last Runtime    Last Run
---------------------------------  -----  ---------  --------  ----------  --------------  -------------------
/opt/airflow/dags/daily_report.py                           1           0  0.11s           2026-09-15T11:06:43
================================================================================
[2026-09-15T11:07:25.418+0000] {manager.py:878} INFO - 
================================================================================
DAG File Processing Stats

File Path                          PID    Runtime      # DAGs    # Errors  Last Runtime    Last Run
---------------------------------  -----  ---------  --------  ----------  --------------  -------------------
/opt/airflow/dags/daily_report.py                           1           0  0.11s           2026-09-15T11:07:13
================================================================================
[2026-09-15T11:07:55.646+0000] {manager.py:878} INFO - 
================================================================================
DAG File Processing Stats

File Path                          PID    Runtime      # DAGs    # Errors  Last Runtime    Last Run
---------------------------------  -----  ---------  --------  ----------  --------------  -------------------
/opt/airflow/dags/daily_report.py                           1           0  0.10s           2026-09-15T11:07:43
================================================================================
[2026-09-15T11:08:25.825+0000] {manager.py:878} INFO - 
================================================================================
DAG File Processing Stats

File Path                          PID    Runtime      # DAGs    # Errors  Last Runtime    Last Run
---------------------------------  -----  ---------  --------  ----------  --------------  -------------------
/opt/airflow/dags/daily_report.py                           1           0  0.17s           2026-09-15T11:08:13
================================================================================
[2026-09-15T11:08:55.994+0000] {manager.py:878} INFO - 
================================================================================
DAG File Processing Stats

File Path                          PID    Runtime      # DAGs    # Errors  Last Runtime    Last Run
---------------------------------  -----  ---------  --------  ----------  --------------  -------------------
/opt/airflow/dags/daily_report.py                           1           0  0.11s           2026-09-15T11:08:44
================================================================================
[2026-09-15T11:09:26.233+0000] {manager.py:878} INFO - 
================================================================================
DAG File Processing Stats

File Path                          PID    Runtime      # DAGs    # Errors  Last Runtime    Last Run
---------------------------------  -----  ---------  --------  ----------  --------------  -------------------
/opt/airflow/dags/daily_report.py                           1           0  0.10s           2026-09-15T11:09:14
================================================================================
[2026-09-15T11:09:56.405+0000] {manager.py:878} INFO - 
================================================================================
DAG File Processing Stats

File Path                          PID    Runtime      # DAGs    # Errors  Last Runtime    Last Run
---------------------------------  -----  ---------  --------  ----------  --------------  -------------------
/opt/airflow/dags/daily_report.py                           1           0  0.10s           2026-09-15T11:09:44
================================================================================
[2026-09-15T11:10:26.625+0000] {manager.py:878} INFO - 
================================================================================
DAG File Processing Stats

File Path                          PID    Runtime      # DAGs    # Errors  Last Runtime    Last Run
---------------------------------  -----  ---------  --------  ----------  --------------  -------------------
/opt/airflow/dags/daily_report.py                           1           0  0.10s           2026-09-15T11:10:14
================================================================================
[2026-09-15T11:10:56.799+0000] {manager.py:878} INFO - 
================================================================================
DAG File Processing Stats

File Path                          PID    Runtime      # DAGs    # Errors  Last Runtime    Last Run
---------------------------------  -----  ---------  --------  ----------  --------------  -------------------
/opt/airflow/dags/daily_report.py                           1           0  0.11s           2026-09-15T11:10:44
================================================================================
[2026-09-15T11:11:05.936+0000] {manager.py:737} INFO - Searching for files in /opt/airflow/dags
[2026-09-15T11:11:05.952+0000] {manager.py:740} INFO - There are 1 files in /opt/airflow/dags
[2026-09-15T11:11:27.063+0000] {manager.py:878} INFO - 
================================================================================
DAG File Processing Stats

File Path                          PID    Runtime      # DAGs    # Errors  Last Runtime    Last Run
---------------------------------  -----  ---------  --------  ----------  --------------  -------------------
/opt/airflow/dags/daily_report.py                           1           0  0.11s           2026-09-15T11:11:15
================================================================================
[2026-09-15T11:11:57.240+0000] {manager.py:878} INFO - 
================================================================================
DAG File Processing Stats

File Path                          PID    Runtime      # DAGs    # Errors  Last Runtime    Last Run
---------------------------------  -----  ---------  --------  ----------  --------------  -------------------
/opt/airflow/dags/daily_report.py                           1           0  0.10s           2026-09-15T11:11:45
================================================================================
[2026-09-15T11:12:27.468+0000] {manager.py:878} INFO - 
================================================================================
DAG File Processing Stats

File Path                          PID    Runtime      # DAGs    # Errors  Last Runtime    Last Run
---------------------------------  -----  ---------  --------  ----------  --------------  -------------------
/opt/airflow/dags/daily_report.py                           1           0  0.11s           2026-09-15T11:12:15
================================================================================
[2026-09-15T11:12:57.645+0000] {manager.py:878} INFO - 
================================================================================
DAG File Processing Stats

File Path                          PID    Runtime      # DAGs    # Errors  Last Runtime    Last Run
---------------------------------  -----  ---------  --------  ----------  --------------  -------------------
/opt/airflow/dags/daily_report.py                           1           0  0.11s           2026-09-15T11:12:45
================================================================================
[2026-09-15T11:13:27.877+0000] {manager.py:878} INFO - 
================================================================================
DAG File Processing Stats

File Path                          PID    Runtime      # DAGs    # Errors  Last Runtime    Last Run
---------------------------------  -----  ---------  --------  ----------  --------------  -------------------
/opt/airflow/dags/daily_report.py                           1           0  0.14s           2026-09-15T11:13:11
================================================================================
[2026-09-15T11:13:58.087+0000] {manager.py:878} INFO - 
================================================================================
DAG File Processing Stats

File Path                          PID    Runtime      # DAGs    # Errors  Last Runtime    Last Run
---------------------------------  -----  ---------  --------  ----------  --------------  -------------------
/opt/airflow/dags/daily_report.py                           1           0  0.12s           2026-09-15T11:13:42
================================================================================
[2026-09-15T11:14:28.301+0000] {manager.py:878} INFO - 
================================================================================
DAG File Processing Stats

File Path                          PID    Runtime      # DAGs    # Errors  Last Runtime    Last Run
---------------------------------  -----  ---------  --------  ----------  --------------  -------------------
/opt/airflow/dags/daily_report.py                           1           0  0.12s           2026-09-15T11:14:12
================================================================================
[2026-09-15T11:14:58.517+0000] {manager.py:878} INFO - 
================================================================================
DAG File Processing Stats

File Path                          PID    Runtime      # DAGs    # Errors  Last Runtime    Last Run
---------------------------------  -----  ---------  --------  ----------  --------------  -------------------
/opt/airflow/dags/daily_report.py                           1           0  0.14s           2026-09-15T11:14:42
================================================================================
[2026-09-15T11:15:28.754+0000] {manager.py:878} INFO - 
================================================================================
DAG File Processing Stats

File Path                          PID    Runtime      # DAGs    # Errors  Last Runtime    Last Run
---------------------------------  -----  ---------  --------  ----------  --------------  -------------------
/opt/airflow/dags/daily_report.py                           1           0  0.13s           2026-09-15T11:15:12
================================================================================
[2026-09-15T11:15:58.949+0000] {manager.py:878} INFO - 
================================================================================
DAG File Processing Stats

File Path                          PID    Runtime      # DAGs    # Errors  Last Runtime    Last Run
---------------------------------  -----  ---------  --------  ----------  --------------  -------------------
/opt/airflow/dags/daily_report.py                           1           0  0.13s           2026-09-15T11:15:42
================================================================================
[2026-09-15T11:16:05.993+0000] {manager.py:737} INFO - Searching for files in /opt/airflow/dags
[2026-09-15T11:16:06.011+0000] {manager.py:740} INFO - There are 1 files in /opt/airflow/dags
[2026-09-15T11:16:29.204+0000] {manager.py:878} INFO - 
================================================================================
DAG File Processing Stats

File Path                          PID    Runtime      # DAGs    # Errors  Last Runtime    Last Run
---------------------------------  -----  ---------  --------  ----------  --------------  -------------------
/opt/airflow/dags/daily_report.py                           1           0  0.13s           2026-09-15T11:16:13
================================================================================
[2026-09-15T11:16:59.412+0000] {manager.py:878} INFO - 
================================================================================
DAG File Processing Stats

File Path                          PID    Runtime      # DAGs    # Errors  Last Runtime    Last Run
---------------------------------  -----  ---------  --------  ----------  --------------  -------------------
/opt/airflow/dags/daily_report.py                           1           0  0.12s           2026-09-15T11:16:43
================================================================================
[2026-09-15T11:17:29.624+0000] {manager.py:878} INFO - 
================================================================================
DAG File Processing Stats

File Path                          PID    Runtime      # DAGs    # Errors  Last Runtime    Last Run
---------------------------------  -----  ---------  --------  ----------  --------------  -------------------
/opt/airflow/dags/daily_report.py                           1           0  0.12s           2026-09-15T11:17:13
================================================================================
