[2026-09-15T10:22:05.087+0000] {local_task_job_runner.py:120} INFO - ::group::Pre task execution logs
[2026-09-15T10:22:05.109+0000] {taskinstance.py:2076} INFO - Dependencies all met for dep_context=non-requeueable deps ti=<TaskInstance: daily_report.sql_task_2 manual__2026-09-15T10:22:01.433431+00:00 [queued]>
[2026-09-15T10:22:05.116+0000] {taskinstance.py:2076} INFO - Dependencies all met for dep_context=requeueable deps ti=<TaskInstance: daily_report.sql_task_2 manual__2026-09-15T10:22:01.433431+00:00 [queued]>
[2026-09-15T10:22:05.117+0000] {taskinstance.py:2306} INFO - Starting attempt 1 of 1
[2026-09-15T10:22:05.128+0000] {taskinstance.py:2330} INFO - Executing <Task(SQLExecuteQueryOperator): sql_task_2> on 2026-09-15 10:22:01.433431+00:00
[2026-09-15T10:22:05.135+0000] {warnings.py:112} WARNING - /home/***/.local/lib/python3.12/site-packages/***/task/task_runner/standard_task_runner.py:61: DeprecationWarning: This process (pid=239) is multi-threaded, use of fork() may lead to deadlocks in the child.
  pid = os.fork()

[2026-09-15T10:22:05.136+0000] {standard_task_runner.py:90} INFO - Running: ['***', 'tasks', 'run', 'daily_report', 'sql_task_2', 'manual__2026-09-15T10:22:01.433431+00:00', '--job-id', '16', '--raw', '--subdir', 'DAGS_FOLDER/daily_report.py', '--cfg-path', '/tmp/tmp0cqrxfu3']
[2026-09-15T10:22:05.137+0000] {standard_task_runner.py:63} INFO - Started process 240 to run task
[2026-09-15T10:22:05.137+0000] {standard_task_runner.py:91} INFO - Job 16: Subtask sql_task_2
[2026-09-15T10:22:05.177+0000] {task_command.py:426} INFO - Running <TaskInstance: daily_report.sql_task_2 manual__2026-09-15T10:22:01.433431+00:00 [running]> on host 0940c83ac72f
[2026-09-15T10:22:05.245+0000] {taskinstance.py:2648} INFO - Exporting env vars: AIRFLOW_CTX_DAG_OWNER='***' AIRFLOW_CTX_DAG_ID='daily_report' AIRFLOW_CTX_TASK_ID='sql_task_2' AIRFLOW_CTX_EXECUTION_DATE='2026-09-15T10:22:01.433431+00:00' AIRFLOW_CTX_TRY_NUMBER='1' AIRFLOW_CTX_DAG_RUN_ID='manual__2026-09-15T10:22:01.433431+00:00'
[2026-09-15T10:22:05.247+0000] {taskinstance.py:430} INFO - ::endgroup::
[2026-09-15T10:22:05.256+0000] {sql.py:276} INFO - Executing: CREATE TABLE daily_sales AS
SELECT DATE(order_date) AS day, SUM(amount) AS total
FROM orders
GROUP BY DATE(order_date)
[2026-09-15T10:22:05.265+0000] {base.py:84} INFO - Using connection ID 'transform' for task execution.
[2026-09-15T10:22:05.272+0000] {base.py:84} INFO - Using connection ID 'transform' for task execution.
[2026-09-15T10:22:05.276+0000] {sql.py:487} INFO - Running statement: CREATE TABLE daily_sales AS
SELECT DATE(order_date) AS day, SUM(amount) AS total
FROM orders
GROUP BY DATE(order_date), parameters: None
[2026-09-15T10:22:05.277+0000] {taskinstance.py:441} INFO - ::group::Post task execution logs
[2026-09-15T10:22:05.280+0000] {taskinstance.py:2905} ERROR - Task failed with exception
Traceback (most recent call last):
  File "/home/airflow/.local/lib/python3.12/site-packages/airflow/models/taskinstance.py", line 465, in _execute_task
    result = _execute_callable(context=context, **execute_callable_kwargs)
             ^^^^^^^^^^^^^^^^^^^^^^^^^^^^^^^^^^^^^^^^^^^^^^^^^^^^^^^^^^^^^
  File "/home/airflow/.local/lib/python3.12/site-packages/airflow/models/taskinstance.py", line 432, in _execute_callable
    return execute_callable(context=context, **execute_callable_kwargs)
           ^^^^^^^^^^^^^^^^^^^^^^^^^^^^^^^^^^^^^^^^^^^^^^^^^^^^^^^^^^^^
  File "/home/airflow/.local/lib/python3.12/site-packages/airflow/models/baseoperator.py", line 401, in wrapper
    return func(self, *args, **kwargs)
           ^^^^^^^^^^^^^^^^^^^^^^^^^^^
  File "/home/airflow/.local/lib/python3.12/site-packages/airflow/providers/common/sql/operators/sql.py", line 282, in execute
    output = hook.run(
             ^^^^^^^^^
  File "/home/airflow/.local/lib/python3.12/site-packages/airflow/providers/common/sql/hooks/sql.py", line 435, in run
    self._run_command(cur, sql_statement, parameters)
  File "/home/airflow/.local/lib/python3.12/site-packages/airflow/providers/common/sql/hooks/sql.py", line 492, in _run_command
    cur.execute(sql_statement)
psycopg2.errors.UndefinedTable: relation "orders" does not exist
LINE 3: FROM orders
             ^

[2026-09-15T10:22:05.290+0000] {taskinstance.py:1206} INFO - Marking task as FAILED. dag_id=daily_report, task_id=sql_task_2, run_id=manual__2026-09-15T10:22:01.433431+00:00, execution_date=20260915T102201, start_date=20260915T102205, end_date=20260915T102205
[2026-09-15T10:22:05.303+0000] {standard_task_runner.py:110} ERROR - Failed to execute job 16 for task sql_task_2 (relation "orders" does not exist
LINE 3: FROM orders
             ^
; 240)
[2026-09-15T10:22:05.351+0000] {local_task_job_runner.py:240} INFO - Task exited with return code 1
[2026-09-15T10:22:05.364+0000] {taskinstance.py:3503} INFO - 0 downstream tasks scheduled from follow-on schedule check
[2026-09-15T10:22:05.367+0000] {local_task_job_runner.py:222} INFO - ::endgroup::
